Archive member included because of file (symbol)

C:\Users\Yu Zhe\AppData\Local\arduino15\packages\arduino\hardware\sam\1.6.11\variants\arduino_due_x/libsam_sam3x8e_gcc_rel.a(pio.o)
                              C:\Users\Yu Zhe\AppData\Local\Temp\VMBuilds\rmc_motors\arduino_due_x_dbg\Debug\variant\variant.cpp.o (PIO_Configure)
C:\Users\Yu Zhe\AppData\Local\arduino15\packages\arduino\hardware\sam\1.6.11\variants\arduino_due_x/libsam_sam3x8e_gcc_rel.a(pmc.o)
                              C:\Users\Yu Zhe\AppData\Local\Temp\VMBuilds\rmc_motors\arduino_due_x_dbg\Debug\variant\variant.cpp.o (pmc_enable_periph_clk)
C:\Users\Yu Zhe\AppData\Local\arduino15\packages\arduino\hardware\sam\1.6.11\variants\arduino_due_x/libsam_sam3x8e_gcc_rel.a(system_sam3xa.o)
                              C:\Users\Yu Zhe\AppData\Local\Temp\VMBuilds\rmc_motors\arduino_due_x_dbg\Debug\variant\variant.cpp.o (SystemInit)
C:\Users\Yu Zhe\AppData\Local\arduino15\packages\arduino\hardware\sam\1.6.11\variants\arduino_due_x/libsam_sam3x8e_gcc_rel.a(startup_sam3xa.o)
                              (Reset_Handler)
C:\Users\Yu Zhe\AppData\Local\arduino15\packages\arduino\hardware\sam\1.6.11\variants\arduino_due_x/libsam_sam3x8e_gcc_rel.a(adc.o)
                              C:\Users\Yu Zhe\AppData\Local\Temp\VMBuilds\rmc_motors\arduino_due_x_dbg\Debug\variant\variant.cpp.o (adc_init)
C:\Users\Yu Zhe\AppData\Local\arduino15\packages\arduino\hardware\sam\1.6.11\variants\arduino_due_x/libsam_sam3x8e_gcc_rel.a(uotghs.o)
                              C:\Users\Yu Zhe\AppData\Local\arduino15\packages\arduino\hardware\sam\1.6.11\variants\arduino_due_x/libsam_sam3x8e_gcc_rel.a(startup_sam3xa.o) (UOTGHS_Handler)
C:\Users\Yu Zhe\AppData\Local\Temp\VMBuilds\rmc_motors\arduino_due_x_dbg\Debug/core.a(cortex_handlers.c.o)
                              C:\Users\Yu Zhe\AppData\Local\arduino15\packages\arduino\hardware\sam\1.6.11\variants\arduino_due_x/libsam_sam3x8e_gcc_rel.a(startup_sam3xa.o) (NMI_Handler)
C:\Users\Yu Zhe\AppData\Local\Temp\VMBuilds\rmc_motors\arduino_due_x_dbg\Debug/core.a(hooks.c.o)
                              C:\Users\Yu Zhe\AppData\Local\Temp\VMBuilds\rmc_motors\arduino_due_x_dbg\Debug/core.a(cortex_handlers.c.o) (sysTickHook)
C:\Users\Yu Zhe\AppData\Local\Temp\VMBuilds\rmc_motors\arduino_due_x_dbg\Debug/core.a(syscalls_sam3.c.o)
                              (_sbrk)
C:\Users\Yu Zhe\AppData\Local\Temp\VMBuilds\rmc_motors\arduino_due_x_dbg\Debug/core.a(wiring.c.o)
                              C:\Users\Yu Zhe\AppData\Local\Temp\VMBuilds\rmc_motors\arduino_due_x_dbg\Debug\PID_v1.cpp.o (millis)
C:\Users\Yu Zhe\AppData\Local\Temp\VMBuilds\rmc_motors\arduino_due_x_dbg\Debug/core.a(wiring_analog.c.o)
                              C:\Users\Yu Zhe\AppData\Local\Temp\VMBuilds\rmc_motors\arduino_due_x_dbg\Debug\variant\variant.cpp.o (analogOutputInit)
C:\Users\Yu Zhe\AppData\Local\Temp\VMBuilds\rmc_motors\arduino_due_x_dbg\Debug/core.a(wiring_digital.c.o)
                              C:\Users\Yu Zhe\AppData\Local\Temp\VMBuilds\rmc_motors\arduino_due_x_dbg\Debug\RMCKangaroo.cpp.o (pinMode)
C:\Users\Yu Zhe\AppData\Local\Temp\VMBuilds\rmc_motors\arduino_due_x_dbg\Debug/core.a(main.cpp.o)
                              c:/users/yu zhe/appdata/local/arduino15/packages/arduino/tools/arm-none-eabi-gcc/4.8.3-2014q1/bin/../lib/gcc/arm-none-eabi/4.8.3/../../../../arm-none-eabi/lib/armv7-m/crt0.o (main)
C:\Users\Yu Zhe\AppData\Local\Temp\VMBuilds\rmc_motors\arduino_due_x_dbg\Debug/core.a(new.cpp.o)
                              C:\Users\Yu Zhe\AppData\Local\Temp\VMBuilds\rmc_motors\arduino_due_x_dbg\Debug\RMCKangaroo.cpp.o (operator new(unsigned int))
C:\Users\Yu Zhe\AppData\Local\Temp\VMBuilds\rmc_motors\arduino_due_x_dbg\Debug/core.a(Print.cpp.o)
                              C:\Users\Yu Zhe\AppData\Local\Temp\VMBuilds\rmc_motors\arduino_due_x_dbg\Debug\rmc_motors.cpp.o (Print::print(char const*))
C:\Users\Yu Zhe\AppData\Local\Temp\VMBuilds\rmc_motors\arduino_due_x_dbg\Debug/core.a(Reset.cpp.o)
                              C:\Users\Yu Zhe\AppData\Local\Temp\VMBuilds\rmc_motors\arduino_due_x_dbg\Debug/core.a(cortex_handlers.c.o) (tickReset)
C:\Users\Yu Zhe\AppData\Local\Temp\VMBuilds\rmc_motors\arduino_due_x_dbg\Debug/core.a(RingBuffer.cpp.o)
                              C:\Users\Yu Zhe\AppData\Local\Temp\VMBuilds\rmc_motors\arduino_due_x_dbg\Debug\variant\variant.cpp.o (RingBuffer::RingBuffer())
C:\Users\Yu Zhe\AppData\Local\Temp\VMBuilds\rmc_motors\arduino_due_x_dbg\Debug/core.a(UARTClass.cpp.o)
                              C:\Users\Yu Zhe\AppData\Local\Temp\VMBuilds\rmc_motors\arduino_due_x_dbg\Debug\variant\variant.cpp.o (UARTClass::available())
C:\Users\Yu Zhe\AppData\Local\Temp\VMBuilds\rmc_motors\arduino_due_x_dbg\Debug/core.a(USARTClass.cpp.o)
[...]
Memory Configuration

Name             Origin             Length             Attributes
rom              0x00080000         0x00080000         xr
sram0            0x20000000         0x00010000         xrw
sram1            0x20080000         0x00008000         xrw
ram              0x20070000         0x00018000         xrw
*default*        0x00000000         0xffffffff

Linker script and memory map

LOAD c:/users/yu zhe/appdata/local/arduino15/packages/arduino/tools/arm-none-eabi-gcc/4.8.3-2014q1/bin/../lib/gcc/arm-none-eabi/4.8.3/armv7-m/crti.o
LOAD c:/users/yu zhe/appdata/local/arduino15/packages/arduino/tools/arm-none-eabi-gcc/4.8.3-2014q1/bin/../lib/gcc/arm-none-eabi/4.8.3/armv7-m/crtbegin.o
LOAD c:/users/yu zhe/appdata/local/arduino15/packages/arduino/tools/arm-none-eabi-gcc/4.8.3-2014q1/bin/../lib/gcc/arm-none-eabi/4.8.3/../../../../arm-none-eabi/lib/armv7-m/crt0.o
START GROUP
LOAD C:\Users\Yu Zhe\AppData\Local\Temp\VMBuilds\rmc_motors\arduino_due_x_dbg\Debug\rmc_motors.cpp.o
LOAD C:\Users\Yu Zhe\AppData\Local\Temp\VMBuilds\rmc_motors\arduino_due_x_dbg\Debug\PID_v1.cpp.o
LOAD C:\Users\Yu Zhe\AppData\Local\Temp\VMBuilds\rmc_motors\arduino_due_x_dbg\Debug\RMCKangaroo.cpp.o
LOAD C:\Users\Yu Zhe\AppData\Local\Temp\VMBuilds\rmc_motors\arduino_due_x_dbg\Debug\Kangaroo\KangarooChannel.cpp.o
LOAD C:\Users\Yu Zhe\AppData\Local\Temp\VMBuilds\rmc_motors\arduino_due_x_dbg\Debug\Kangaroo\KangarooCommandWriter.cpp.o
LOAD C:\Users\Yu Zhe\AppData\Local\Temp\VMBuilds\rmc_motors\arduino_due_x_dbg\Debug\Kangaroo\KangarooCRC.cpp.o
LOAD C:\Users\Yu Zhe\AppData\Local\Temp\VMBuilds\rmc_motors\arduino_due_x_dbg\Debug\Kangaroo\KangarooMonitor.cpp.o
LOAD C:\Users\Yu Zhe\AppData\Local\Temp\VMBuilds\rmc_motors\arduino_due_x_dbg\Debug\Kangaroo\KangarooReplyReader.cpp.o
LOAD C:\Users\Yu Zhe\AppData\Local\Temp\VMBuilds\rmc_motors\arduino_due_x_dbg\Debug\Kangaroo\KangarooReplyReceiver.cpp.o
LOAD C:\Users\Yu Zhe\AppData\Local\Temp\VMBuilds\rmc_motors\arduino_due_x_dbg\Debug\Kangaroo\KangarooSerial.cpp.o
LOAD C:\Users\Yu Zhe\AppData\Local\Temp\VMBuilds\rmc_motors\arduino_due_x_dbg\Debug\Kangaroo\KangarooStatus.cpp.o
LOAD C:\Users\Yu Zhe\AppData\Local\Temp\VMBuilds\rmc_motors\arduino_due_x_dbg\Debug\Kangaroo\KangarooTimeout.cpp.o
LOAD C:\Users\Yu Zhe\AppData\Local\Temp\VMBuilds\rmc_motors\arduino_due_x_dbg\Debug\VM_DBG\VM_DBG.cpp.o
LOAD C:\Users\Yu Zhe\AppData\Local\Temp\VMBuilds\rmc_motors\arduino_due_x_dbg\Debug\VM_DBG\VM_mem_check_sam.cpp.o
LOAD C:\Users\Yu Zhe\AppData\Local\Temp\VMBuilds\rmc_motors\arduino_due_x_dbg\Debug\variant\variant.cpp.o
LOAD C:\Users\Yu Zhe\AppData\Local\arduino15\packages\arduino\hardware\sam\1.6.11\variants\arduino_due_x/libsam_sam3x8e_gcc_rel.a
LOAD C:\Users\Yu Zhe\AppData\Local\Temp\VMBuilds\rmc_motors\arduino_due_x_dbg\Debug/core.a
END GROUP
LOAD c:/users/yu zhe/appdata/local/arduino15/packages/arduino/tools/arm-none-eabi-gcc/4.8.3-2014q1/bin/../lib/gcc/arm-none-eabi/4.8.3/../../../../arm-none-eabi/lib/armv7-m\libm.a
START GROUP
LOAD c:/users/yu zhe/appdata/local/arduino15/packages/arduino/tools/arm-none-eabi-gcc/4.8.3-2014q1/bin/../lib/gcc/arm-none-eabi/4.8.3/armv7-m\libgcc.a
LOAD c:/users/yu zhe/appdata/local/arduino15/packages/arduino/tools/arm-none-eabi-gcc/4.8.3-2014q1/bin/../lib/gcc/arm-none-eabi/4.8.3/../../../../arm-none-eabi/lib/armv7-m\libg.a
LOAD c:/users/yu zhe/appdata/local/arduino15/packages/arduino/tools/arm-none-eabi-gcc/4.8.3-2014q1/bin/../lib/gcc/arm-none-eabi/4.8.3/../../../../arm-none-eabi/lib/armv7-m\libc.a
END GROUP
LOAD c:/users/yu zhe/appdata/local/arduino15/packages/arduino/tools/arm-none-eabi-gcc/4.8.3-2014q1/bin/../lib/gcc/arm-none-eabi/4.8.3/armv7-m/crtend.o
LOAD c:/users/yu zhe/appdata/local/arduino15/packages/arduino/tools/arm-none-eabi-gcc/4.8.3-2014q1/bin/../lib/gcc/arm-none-eabi/4.8.3/armv7-m/crtn.o

.text           0x00080000     0x7bbc
                0x00080000                . = ALIGN (0x4)
                0x00080000                _sfixed = .
 *(.vectors .vectors.*)
 .vectors       0x00080000       0xf4 C:\Users\Yu Zhe\AppData\Local\arduino15\packages\arduino\hardware\sam\1.6.11\variants\arduino_due_x/libsam_sam3x8e_gcc_rel.a(startup_sam3xa.o)
                0x00080000                exception_table
 *(.text .text.* .gnu.linkonce.t.*)
 .text          0x000800f4       0x54 c:/users/yu zhe/appdata/local/arduino15/packages/arduino/tools/arm-none-eabi-gcc/4.8.3-2014q1/bin/../lib/gcc/arm-none-eabi/4.8.3/armv7-m/crtbegin.o
 .text._ZN11RMCKangarooD2Ev
                0x00080148       0x16 C:\Users\Yu Zhe\AppData\Local\Temp\VMBuilds\rmc_motors\arduino_due_x_dbg\Debug\rmc_motors.cpp.o
                0x00080148                RMCKangaroo::~RMCKangaroo()
                0x00080148                RMCKangaroo::~RMCKangaroo()
 *fill*         0x0008015e        0x2 
 .text.setup    0x00080160       0x6c C:\Users\Yu Zhe\AppData\Local\Temp\VMBuilds\rmc_motors\arduino_due_x_dbg\Debug\rmc_motors.cpp.o
                0x00080160                setup
 .text.loop     0x000801cc       0x18 C:\Users\Yu Zhe\AppData\Local\Temp\VMBuilds\rmc_motors\arduino_due_x_dbg\Debug\rmc_motors.cpp.o
                0x000801cc                loop
 .text.startup._GLOBAL__sub_I_stopAll
                0x000801e4       0x2c C:\Users\Yu Zhe\AppData\Local\Temp\VMBuilds\rmc_motors\arduino_due_x_dbg\Debug\rmc_motors.cpp.o
 .text._ZN3PID7ComputeEv
                0x00080210      0x154 C:\Users\Yu Zhe\AppData\Local\Temp\VMBuilds\rmc_motors\arduino_due_x_dbg\Debug\PID_v1.cpp.o
                0x00080210                PID::Compute()
 .text._ZN3PID10SetTuningsEdddi
                0x00080364       0xe8 C:\Users\Yu Zhe\AppData\Local\Temp\VMBuilds\rmc_motors\arduino_due_x_dbg\Debug\PID_v1.cpp.o
                0x00080364                PID::SetTunings(double, double, double, int)
 .text._ZN3PID15SetOutputLimitsEdd
                0x0008044c       0x8c C:\Users\Yu Zhe\AppData\Local\Temp\VMBuilds\rmc_motors\arduino_due_x_dbg\Debug\PID_v1.cpp.o
                0x0008044c                PID::SetOutputLimits(double, double)
 .text._ZN3PID10InitializeEv
                0x000804d8       0x46 C:\Users\Yu Zhe\AppData\Local\Temp\VMBuilds\rmc_motors\arduino_due_x_dbg\Debug\PID_v1.cpp.o
                0x000804d8                PID::Initialize()
 .text._ZN3PID7SetModeEi
                0x0008051e       0x1c C:\Users\Yu Zhe\AppData\Local\Temp\VMBuilds\rmc_motors\arduino_due_x_dbg\Debug\PID_v1.cpp.o
                0x0008051e                PID::SetMode(int)
 .text._ZN3PID22SetControllerDirectionEi
                0x0008053a       0x46 C:\Users\Yu Zhe\AppData\Local\Temp\VMBuilds\rmc_motors\arduino_due_x_dbg\Debug\PID_v1.cpp.o
                0x0008053a                PID::SetControllerDirection(int)
 .text._ZN3PIDC2EPdS0_S0_dddii
                0x00080580       0x68 C:\Users\Yu Zhe\AppData\Local\Temp\VMBuilds\rmc_motors\arduino_due_x_dbg\Debug\PID_v1.cpp.o
                0x00080580                PID::PID(double*, double*, double*, double, double, double, int, int)
                0x00080580                PID::PID(double*, double*, double*, double, double, double, int, int)
 .text._ZN3PIDC2EPdS0_S0_dddi
                0x000805e8       0x30 C:\Users\Yu Zhe\AppData\Local\Temp\VMBuilds\rmc_motors\arduino_due_x_dbg\Debug\PID_v1.cpp.o
                0x000805e8                PID::PID(double*, double*, double*, double, double, double, int)
                0x000805e8                PID::PID(double*, double*, double*, double, double, double, int)
 .text._ZN14LinearActuatorC2ER14KangarooSerialc
                0x00080618       0x1c C:\Users\Yu Zhe\AppData\Local\Temp\VMBuilds\rmc_motors\arduino_due_x_dbg\Debug\RMCKangaroo.cpp.o
                0x00080618                LinearActuator::LinearActuator(KangarooSerial&, char)
                0x00080618                LinearActuator::LinearActuator(KangarooSerial&, char)
 .text._ZN14LinearActuator4loopEv
                0x00080634       0x84 C:\Users\Yu Zhe\AppData\Local\Temp\VMBuilds\rmc_motors\arduino_due_x_dbg\Debug\RMCKangaroo.cpp.o
                0x00080634                LinearActuator::loop()
 .text._ZN14LinearActuator18setTargetPosDirectEl
                0x000806b8       0x12 C:\Users\Yu Zhe\AppData\Local\Temp\VMBuilds\rmc_motors\arduino_due_x_dbg\Debug\RMCKangaroo.cpp.o
                0x000806b8                LinearActuator::setTargetPosDirect(long)
 .text._ZN14LinearActuator12setTargetPosEl
                0x000806ca       0x1e C:\Users\Yu Zhe\AppData\Local\Temp\VMBuilds\rmc_motors\arduino_due_x_dbg\Debug\RMCKangaroo.cpp.o
                0x000806ca                LinearActuator::setTargetPos(long)
 .text._ZN14LinearActuator8setSpeedEl
                0x000806e8       0x1e C:\Users\Yu Zhe\AppData\Local\Temp\VMBuilds\rmc_motors\arduino_due_x_dbg\Debug\RMCKangaroo.cpp.o
                0x000806e8                LinearActuator::setSpeed(long)
 *fill*         0x00080706        0x2 
 .text._ZN18LinearActuatorPairC2ER14KangarooSerialc
                0x00080708       0xb8 C:\Users\Yu Zhe\AppData\Local\Temp\VMBuilds\rmc_motors\arduino_due_x_dbg\Debug\RMCKangaroo.cpp.o
                0x00080708                LinearActuatorPair::LinearActuatorPair(KangarooSerial&, char)
                0x00080708                LinearActuatorPair::LinearActuatorPair(KangarooSerial&, char)
 .text._ZN18LinearActuatorPair4loopEv
                0x000807c0       0xf4 C:\Users\Yu Zhe\AppData\Local\Temp\VMBuilds\rmc_motors\arduino_due_x_dbg\Debug\RMCKangaroo.cpp.o
                0x000807c0                LinearActuatorPair::loop()
 .text._ZN5MotorC2ER14KangarooSerialc
                0x000808b4       0x28 C:\Users\Yu Zhe\AppData\Local\Temp\VMBuilds\rmc_motors\arduino_due_x_dbg\Debug\RMCKangaroo.cpp.o
                0x000808b4                Motor::Motor(KangarooSerial&, char)
                0x000808b4                Motor::Motor(KangarooSerial&, char)
 .text._ZN5Motor5beginEv
                0x000808dc       0x14 C:\Users\Yu Zhe\AppData\Local\Temp\VMBuilds\rmc_motors\arduino_due_x_dbg\Debug\RMCKangaroo.cpp.o
                0x000808dc                Motor::begin()
 .text._ZN5Motor4loopEv
                0x000808f0       0x62 C:\Users\Yu Zhe\AppData\Local\Temp\VMBuilds\rmc_motors\arduino_due_x_dbg\Debug\RMCKangaroo.cpp.o
                0x000808f0                Motor::loop()
 .text._ZN5Motor14setTargetSpeedEl
                0x00080952       0x24 C:\Users\Yu Zhe\AppData\Local\Temp\VMBuilds\rmc_motors\arduino_due_x_dbg\Debug\RMCKangaroo.cpp.o
                0x00080952                Motor::setTargetSpeed(long)
 *fill*         0x00080976        0x2 
 .text._ZN5Motor15getCurrentSpeedEv
                0x00080978       0x20 C:\Users\Yu Zhe\AppData\Local\Temp\VMBuilds\rmc_motors\arduino_due_x_dbg\Debug\RMCKangaroo.cpp.o
                0x00080978                Motor::getCurrentSpeed()
 .text._ZN5Motor13setSpeedLimitEl
                0x00080998       0x22 C:\Users\Yu Zhe\AppData\Local\Temp\VMBuilds\rmc_motors\arduino_due_x_dbg\Debug\RMCKangaroo.cpp.o
                0x00080998                Motor::setSpeedLimit(long)
 .text._ZN6Motors13setSpeedLimitEi
                0x000809ba       0x20 C:\Users\Yu Zhe\AppData\Local\Temp\VMBuilds\rmc_motors\arduino_due_x_dbg\Debug\RMCKangaroo.cpp.o
                0x000809ba                Motors::setSpeedLimit(int)
 .text._ZN6MotorsC2ER14KangarooSerialc
                0x000809da       0x8c C:\Users\Yu Zhe\AppData\Local\Temp\VMBuilds\rmc_motors\arduino_due_x_dbg\Debug\RMCKangaroo.cpp.o
                0x000809da                Motors::Motors(KangarooSerial&, char)
                0x000809da                Motors::Motors(KangarooSerial&, char)
 .text._ZN6Motors4loopEv
                0x00080a66       0xbc C:\Users\Yu Zhe\AppData\Local\Temp\VMBuilds\rmc_motors\arduino_due_x_dbg\Debug\RMCKangaroo.cpp.o
                0x00080a66                Motors::loop()
 .text._ZN6Motors5beginEv
                0x00080b22       0x16 C:\Users\Yu Zhe\AppData\Local\Temp\VMBuilds\rmc_motors\arduino_due_x_dbg\Debug\RMCKangaroo.cpp.o
                0x00080b22                Motors::begin()
 .text._ZN6Motors5driveEll
                0x00080b38       0x9c C:\Users\Yu Zhe\AppData\Local\Temp\VMBuilds\rmc_motors\arduino_due_x_dbg\Debug\RMCKangaroo.cpp.o
                0x00080b38                Motors::drive(long, long)
 .text._ZN5Auger6attachEii
                0x00080bd4       0x2e C:\Users\Yu Zhe\AppData\Local\Temp\VMBuilds\rmc_motors\arduino_due_x_dbg\Debug\RMCKangaroo.cpp.o
                0x00080bd4                Auger::attach(int, int)
 .text._ZN11RMCKangaroo4loopEv
                0x00080c02       0x22 C:\Users\Yu Zhe\AppData\Local\Temp\VMBuilds\rmc_motors\arduino_due_x_dbg\Debug\RMCKangaroo.cpp.o
                0x00080c02                RMCKangaroo::loop()
 .text._ZN11RMCKangaroo5beginEv
                0x00080c24       0x24 C:\Users\Yu Zhe\AppData\Local\Temp\VMBuilds\rmc_motors\arduino_due_x_dbg\Debug\RMCKangaroo.cpp.o
                0x00080c24                RMCKangaroo::begin()
 .text._ZN6SliderC2ER14KangarooSerialc
                0x00080c48       0x10 C:\Users\Yu Zhe\AppData\Local\Temp\VMBuilds\rmc_motors\arduino_due_x_dbg\Debug\RMCKangaroo.cpp.o
                0x00080c48                Slider::Slider(KangarooSerial&, char)
                0x00080c48                Slider::Slider(KangarooSerial&, char)
 .text._ZN8Conveyor13setSpeedLimitEl
                0x00080c58       0x22 C:\Users\Yu Zhe\AppData\Local\Temp\VMBuilds\rmc_motors\arduino_due_x_dbg\Debug\RMCKangaroo.cpp.o
                0x00080c58                Conveyor::setSpeedLimit(long)
 .text._ZN8ConveyorC2ER14KangarooSerialc
                0x00080c7a       0x14 C:\Users\Yu Zhe\AppData\Local\Temp\VMBuilds\rmc_motors\arduino_due_x_dbg\Debug\RMCKangaroo.cpp.o
                0x00080c7a                Conveyor::Conveyor(KangarooSerial&, char)
                0x00080c7a                Conveyor::Conveyor(KangarooSerial&, char)
 *fill*         0x00080c8e        0x2 
 .text._ZN11RMCKangarooC2ER10USARTClass
                0x00080c90       0xa4 C:\Users\Yu Zhe\AppData\Local\Temp\VMBuilds\rmc_motors\arduino_due_x_dbg\Debug\RMCKangaroo.cpp.o
                0x00080c90                RMCKangaroo::RMCKangaroo(USARTClass&)
                0x00080c90                RMCKangaroo::RMCKangaroo(USARTClass&)
 .text._ZN15KangarooChannelC2ER14KangarooSerialch
                0x00080d34       0x52 C:\Users\Yu Zhe\AppData\Local\Temp\VMBuilds\rmc_motors\arduino_due_x_dbg\Debug\Kangaroo\KangarooChannel.cpp.o
                0x00080d34                KangarooChannel::KangarooChannel(KangarooSerial&, char, unsigned char)
                0x00080d34                KangarooChannel::KangarooChannel(KangarooSerial&, char, unsigned char)
 .text._ZN15KangarooChannel10getSpecialE15KangarooGetType16KangarooGetFlagsRK15KangarooTimeout
                0x00080d86       0xd0 C:\Users\Yu Zhe\AppData\Local\Temp\VMBuilds\rmc_motors\arduino_due_x_dbg\Debug\Kangaroo\KangarooChannel.cpp.o
                0x00080d86                KangarooChannel::getSpecial(KangarooGetType, KangarooGetFlags, KangarooTimeout const&)
 .text._ZN15KangarooChannel10setNoReplyE15KangarooCommandR21KangarooCommandWriter17KangarooMoveFlags
                0x00080e56       0x56 C:\Users\Yu Zhe\AppData\Local\Temp\VMBuilds\rmc_motors\arduino_due_x_dbg\Debug\Kangaroo\KangarooChannel.cpp.o
                0x00080e56                KangarooChannel::setNoReply(KangarooCommand, KangarooCommandWriter&, KangarooMoveFlags)
 .text._ZN15KangarooChannel33getInitialSequenceCodeIfNecessaryERK15KangarooTimeoutR14KangarooStatus
                0x00080eac       0x4a C:\Users\Yu Zhe\AppData\Local\Temp\VMBuilds\rmc_motors\arduino_due_x_dbg\Debug\Kangaroo\KangarooChannel.cpp.o
                0x00080eac                KangarooChannel::getInitialSequenceCodeIfNecessary(KangarooTimeout const&, KangarooStatus&)
 .text._ZN15KangarooChannel3getE15KangarooGetType16KangarooGetFlags
                0x00080ef6       0x4c C:\Users\Yu Zhe\AppData\Local\Temp\VMBuilds\rmc_motors\arduino_due_x_dbg\Debug\Kangaroo\KangarooChannel.cpp.o
                0x00080ef6                KangarooChannel::get(KangarooGetType, KangarooGetFlags)
 .text._ZN15KangarooChannel21updateMonitoredResultERK15KangarooTimeoutb
                0x00080f42       0x4e C:\Users\Yu Zhe\AppData\Local\Temp\VMBuilds\rmc_motors\arduino_due_x_dbg\Debug\Kangaroo\KangarooChannel.cpp.o
                0x00080f42                KangarooChannel::updateMonitoredResult(KangarooTimeout const&, bool)
 .text._ZN15KangarooChannel3setE15KangarooCommandR21KangarooCommandWriter17KangarooMoveFlags15KangarooGetType
                0x00080f90       0x88 C:\Users\Yu Zhe\AppData\Local\Temp\VMBuilds\rmc_motors\arduino_due_x_dbg\Debug\Kangaroo\KangarooChannel.cpp.o
                0x00080f90                KangarooChannel::set(KangarooCommand, KangarooCommandWriter&, KangarooMoveFlags, KangarooGetType)
 .text._ZN15KangarooChannel5startEv
                0x00081018       0x3c C:\Users\Yu Zhe\AppData\Local\Temp\VMBuilds\rmc_motors\arduino_due_x_dbg\Debug\Kangaroo\KangarooChannel.cpp.o
                0x00081018                KangarooChannel::start()
 .text._ZN15KangarooChannel6motionEhlhl17KangarooMoveFlags
                0x00081054       0x5a C:\Users\Yu Zhe\AppData\Local\Temp\VMBuilds\rmc_motors\arduino_due_x_dbg\Debug\Kangaroo\KangarooChannel.cpp.o
                0x00081054                KangarooChannel::motion(unsigned char, long, unsigned char, long, KangarooMoveFlags)
 .text._ZN15KangarooChannel1pEll17KangarooMoveFlags
                0x000810ae       0x22 C:\Users\Yu Zhe\AppData\Local\Temp\VMBuilds\rmc_motors\arduino_due_x_dbg\Debug\Kangaroo\KangarooChannel.cpp.o
                0x000810ae                KangarooChannel::p(long, long, KangarooMoveFlags)
 .text._ZN15KangarooChannel1sEll17KangarooMoveFlags
                0x000810d0       0x22 C:\Users\Yu Zhe\AppData\Local\Temp\VMBuilds\rmc_motors\arduino_due_x_dbg\Debug\Kangaroo\KangarooChannel.cpp.o
                0x000810d0                KangarooChannel::s(long, long, KangarooMoveFlags)
 .text._ZN15KangarooChannel13systemCommandE21KangarooSystemCommandbPlj
                0x000810f2       0x70 C:\Users\Yu Zhe\AppData\Local\Temp\VMBuilds\rmc_motors\arduino_due_x_dbg\Debug\Kangaroo\KangarooChannel.cpp.o
                0x000810f2                KangarooChannel::systemCommand(KangarooSystemCommand, bool, long*, unsigned int)
 .text._ZN15KangarooChannel9powerDownEv
                0x00081162       0x14 C:\Users\Yu Zhe\AppData\Local\Temp\VMBuilds\rmc_motors\arduino_due_x_dbg\Debug\Kangaroo\KangarooChannel.cpp.o
                0x00081162                KangarooChannel::powerDown()
 .text._ZN21KangarooCommandWriterC2Ev
                0x00081176        0x6 C:\Users\Yu Zhe\AppData\Local\Temp\VMBuilds\rmc_motors\arduino_due_x_dbg\Debug\Kangaroo\KangarooCommandWriter.cpp.o
                0x00081176                KangarooCommandWriter::KangarooCommandWriter()
                0x00081176                KangarooCommandWriter::KangarooCommandWriter()
 .text._ZN21KangarooCommandWriter5writeEh
                0x0008117c        0xc C:\Users\Yu Zhe\AppData\Local\Temp\VMBuilds\rmc_motors\arduino_due_x_dbg\Debug\Kangaroo\KangarooCommandWriter.cpp.o
                0x0008117c                KangarooCommandWriter::write(unsigned char)
 .text._ZN21KangarooCommandWriter5writeEPKhj
                0x00081188       0x1a C:\Users\Yu Zhe\AppData\Local\Temp\VMBuilds\rmc_motors\arduino_due_x_dbg\Debug\Kangaroo\KangarooCommandWriter.cpp.o
                0x00081188                KangarooCommandWriter::write(unsigned char const*, unsigned int)
 *fill*         0x000811a2        0x2 
 .text._ZN21KangarooCommandWriter20writeBitPackedNumberEl
                0x000811a4       0x50 C:\Users\Yu Zhe\AppData\Local\Temp\VMBuilds\rmc_motors\arduino_due_x_dbg\Debug\Kangaroo\KangarooCommandWriter.cpp.o
                0x000811a4                KangarooCommandWriter::writeBitPackedNumber(long)
 .text._ZN21KangarooCommandWriter13writeToBufferEPhh15KangarooCommandPKhj
                0x000811f4       0x38 C:\Users\Yu Zhe\AppData\Local\Temp\VMBuilds\rmc_motors\arduino_due_x_dbg\Debug\Kangaroo\KangarooCommandWriter.cpp.o
                0x000811f4                KangarooCommandWriter::writeToBuffer(unsigned char*, unsigned char, KangarooCommand, unsigned char const*, unsigned int)
 .text._ZN21KangarooCommandWriter13writeToStreamER6Streamh15KangarooCommandPKhj
                0x0008122c       0x20 C:\Users\Yu Zhe\AppData\Local\Temp\VMBuilds\rmc_motors\arduino_due_x_dbg\Debug\Kangaroo\KangarooCommandWriter.cpp.o
                0x0008122c                KangarooCommandWriter::writeToStream(Stream&, unsigned char, KangarooCommand, unsigned char const*, unsigned int)
 .text._ZNK21KangarooCommandWriter13writeToStreamER6Streamh15KangarooCommand
                0x0008124c       0x1a C:\Users\Yu Zhe\AppData\Local\Temp\VMBuilds\rmc_motors\arduino_due_x_dbg\Debug\Kangaroo\KangarooCommandWriter.cpp.o
                0x0008124c                KangarooCommandWriter::writeToStream(Stream&, unsigned char, KangarooCommand) const
 .text._ZN11KangarooCRC5writeEh
                0x00081266       0x2c C:\Users\Yu Zhe\AppData\Local\Temp\VMBuilds\rmc_motors\arduino_due_x_dbg\Debug\Kangaroo\KangarooCRC.cpp.o
                0x00081266                KangarooCRC::write(unsigned char)
 .text._ZN11KangarooCRC5writeEPKhj
                0x00081292       0x1a C:\Users\Yu Zhe\AppData\Local\Temp\VMBuilds\rmc_motors\arduino_due_x_dbg\Debug\Kangaroo\KangarooCRC.cpp.o
                0x00081292                KangarooCRC::write(unsigned char const*, unsigned int)
 .text._ZN11KangarooCRC5valueEPKhj
                0x000812ac       0x20 C:\Users\Yu Zhe\AppData\Local\Temp\VMBuilds\rmc_motors\arduino_due_x_dbg\Debug\Kangaroo\KangarooCRC.cpp.o
                0x000812ac                KangarooCRC::value(unsigned char const*, unsigned int)
 .text._ZN15KangarooMonitorC2EP15KangarooChannelm
                0x000812cc        0x6 C:\Users\Yu Zhe\AppData\Local\Temp\VMBuilds\rmc_motors\arduino_due_x_dbg\Debug\Kangaroo\KangarooMonitor.cpp.o
                0x000812cc                KangarooMonitor::KangarooMonitor(KangarooChannel*, unsigned long)
                0x000812cc                KangarooMonitor::KangarooMonitor(KangarooChannel*, unsigned long)
 .text._ZNK15KangarooMonitor6statusEv
                0x000812d2       0x22 C:\Users\Yu Zhe\AppData\Local\Temp\VMBuilds\rmc_motors\arduino_due_x_dbg\Debug\Kangaroo\KangarooMonitor.cpp.o
                0x000812d2                KangarooMonitor::status() const
 .text._ZN19KangarooReplyReaderC2EPKhj
                0x000812f4        0x8 C:\Users\Yu Zhe\AppData\Local\Temp\VMBuilds\rmc_motors\arduino_due_x_dbg\Debug\Kangaroo\KangarooReplyReader.cpp.o
                0x000812f4                KangarooReplyReader::KangarooReplyReader(unsigned char const*, unsigned int)
                0x000812f4                KangarooReplyReader::KangarooReplyReader(unsigned char const*, unsigned int)
 .text._ZN19KangarooReplyReader7tryReadEPh
                0x000812fc       0x18 C:\Users\Yu Zhe\AppData\Local\Temp\VMBuilds\rmc_motors\arduino_due_x_dbg\Debug\Kangaroo\KangarooReplyReader.cpp.o
                0x000812fc                KangarooReplyReader::tryRead(unsigned char*)
 .text._ZN19KangarooReplyReader19readBitPackedNumberEv
                0x00081314       0x3a C:\Users\Yu Zhe\AppData\Local\Temp\VMBuilds\rmc_motors\arduino_due_x_dbg\Debug\Kangaroo\KangarooReplyReader.cpp.o
                0x00081314                KangarooReplyReader::readBitPackedNumber()
 .text._ZN21KangarooReplyReceiverC2Ev
                0x0008134e        0x8 C:\Users\Yu Zhe\AppData\Local\Temp\VMBuilds\rmc_motors\arduino_due_x_dbg\Debug\Kangaroo\KangarooReplyReceiver.cpp.o
                0x0008134e                KangarooReplyReceiver::KangarooReplyReceiver()
                0x0008134e                KangarooReplyReceiver::KangarooReplyReceiver()
 .text._ZN21KangarooReplyReceiver4readEh
                0x00081356       0x4a C:\Users\Yu Zhe\AppData\Local\Temp\VMBuilds\rmc_motors\arduino_due_x_dbg\Debug\Kangaroo\KangarooReplyReceiver.cpp.o
                0x00081356                KangarooReplyReceiver::read(unsigned char)
 .text._ZN14KangarooSerialC2ER6Stream
                0x000813a0       0x10 C:\Users\Yu Zhe\AppData\Local\Temp\VMBuilds\rmc_motors\arduino_due_x_dbg\Debug\Kangaroo\KangarooSerial.cpp.o
                0x000813a0                KangarooSerial::KangarooSerial(Stream&)
                0x000813a0                KangarooSerial::KangarooSerial(Stream&)
 .text._ZN14KangarooSerial16tryReceivePacketEv
                0x000813b0       0x24 C:\Users\Yu Zhe\AppData\Local\Temp\VMBuilds\rmc_motors\arduino_due_x_dbg\Debug\Kangaroo\KangarooSerial.cpp.o
                0x000813b0                KangarooSerial::tryReceivePacket()
 .text._ZN14KangarooStatus4initEv
                0x000813d4       0x12 C:\Users\Yu Zhe\AppData\Local\Temp\VMBuilds\rmc_motors\arduino_due_x_dbg\Debug\Kangaroo\KangarooStatus.cpp.o
                0x000813d4                KangarooStatus::init()
 .text._ZN14KangarooStatusC2Ev
                0x000813e6        0xc C:\Users\Yu Zhe\AppData\Local\Temp\VMBuilds\rmc_motors\arduino_due_x_dbg\Debug\Kangaroo\KangarooStatus.cpp.o
                0x000813e6                KangarooStatus::KangarooStatus()
                0x000813e6                KangarooStatus::KangarooStatus()
 .text._ZN14KangarooStatus19createInvalidStatusEv
                0x000813f2       0x18 C:\Users\Yu Zhe\AppData\Local\Temp\VMBuilds\rmc_motors\arduino_due_x_dbg\Debug\Kangaroo\KangarooStatus.cpp.o
                0x000813f2                KangarooStatus::createInvalidStatus()
 .text._ZN14KangarooStatus14createTimedOutEv
                0x0008140a       0x18 C:\Users\Yu Zhe\AppData\Local\Temp\VMBuilds\rmc_motors\arduino_due_x_dbg\Debug\Kangaroo\KangarooStatus.cpp.o
                0x0008140a                KangarooStatus::createTimedOut()
 .text._ZN14KangarooStatus5parseEPKhj
                0x00081422       0x72 C:\Users\Yu Zhe\AppData\Local\Temp\VMBuilds\rmc_motors\arduino_due_x_dbg\Debug\Kangaroo\KangarooStatus.cpp.o
                0x00081422                KangarooStatus::parse(unsigned char const*, unsigned int)
 .text._ZN14KangarooStatusC2EPKhj
                0x00081494       0x28 C:\Users\Yu Zhe\AppData\Local\Temp\VMBuilds\rmc_motors\arduino_due_x_dbg\Debug\Kangaroo\KangarooStatus.cpp.o
                0x00081494                KangarooStatus::KangarooStatus(unsigned char const*, unsigned int)
                0x00081494                KangarooStatus::KangarooStatus(unsigned char const*, unsigned int)
 .text._ZNK15KangarooTimeout7expiredEv
                0x000814bc       0x22 C:\Users\Yu Zhe\AppData\Local\Temp\VMBuilds\rmc_motors\arduino_due_x_dbg\Debug\Kangaroo\KangarooTimeout.cpp.o
                0x000814bc                KangarooTimeout::expired() const
 .text._ZN15KangarooTimeout6expireEv
                0x000814de       0x16 C:\Users\Yu Zhe\AppData\Local\Temp\VMBuilds\rmc_motors\arduino_due_x_dbg\Debug\Kangaroo\KangarooTimeout.cpp.o
                0x000814de                KangarooTimeout::expire()
 .text._ZN15KangarooTimeout5resetEv
                0x000814f4        0xc C:\Users\Yu Zhe\AppData\Local\Temp\VMBuilds\rmc_motors\arduino_due_x_dbg\Debug\Kangaroo\KangarooTimeout.cpp.o
                0x000814f4                KangarooTimeout::reset()
 .text._ZN15KangarooTimeoutC2El
                0x00081500        0xe C:\Users\Yu Zhe\AppData\Local\Temp\VMBuilds\rmc_motors\arduino_due_x_dbg\Debug\Kangaroo\KangarooTimeout.cpp.o
                0x00081500                KangarooTimeout::KangarooTimeout(long)
                0x00081500                KangarooTimeout::KangarooTimeout(long)
 .text._ZN16VisualMicroDebug16DBG_YieldAndWaitEmb
                0x0008150e       0x1a C:\Users\Yu Zhe\AppData\Local\Temp\VMBuilds\rmc_motors\arduino_due_x_dbg\Debug\VM_DBG\VM_DBG.cpp.o
                0x0008150e                VisualMicroDebug::DBG_YieldAndWait(unsigned long, bool)
 .text._ZN16VisualMicroDebug16DBG_YieldAndWaitEm
                0x00081528        0x6 C:\Users\Yu Zhe\AppData\Local\Temp\VMBuilds\rmc_motors\arduino_due_x_dbg\Debug\VM_DBG\VM_DBG.cpp.o
                0x00081528                VisualMicroDebug::DBG_YieldAndWait(unsigned long)
 .text._ZN16VisualMicroDebug14outPacketStartEb
                0x0008152e       0x28 C:\Users\Yu Zhe\AppData\Local\Temp\VMBuilds\rmc_motors\arduino_due_x_dbg\Debug\VM_DBG\VM_DBG.cpp.o
                0x0008152e                VisualMicroDebug::outPacketStart(bool)
 .text._ZN16VisualMicroDebug12outPacketEndEv
                0x00081556        0x2 C:\Users\Yu Zhe\AppData\Local\Temp\VMBuilds\rmc_motors\arduino_due_x_dbg\Debug\VM_DBG\VM_DBG.cpp.o
                0x00081556                VisualMicroDebug::outPacketEnd()
 .text._ZN16VisualMicroDebug4initEm
                0x00081558        0xe C:\Users\Yu Zhe\AppData\Local\Temp\VMBuilds\rmc_motors\arduino_due_x_dbg\Debug\VM_DBG\VM_DBG.cpp.o
                0x00081558                VisualMicroDebug::init(unsigned long)
 .text._ZN16VisualMicroDebug5beginEP9UARTClassm
                0x00081566       0x10 C:\Users\Yu Zhe\AppData\Local\Temp\VMBuilds\rmc_motors\arduino_due_x_dbg\Debug\VM_DBG\VM_DBG.cpp.o
                0x00081566                VisualMicroDebug::begin(UARTClass*, unsigned long)
 .text._ZN16VisualMicroDebug4readEv
                0x00081576        0xe C:\Users\Yu Zhe\AppData\Local\Temp\VMBuilds\rmc_motors\arduino_due_x_dbg\Debug\VM_DBG\VM_DBG.cpp.o
                0x00081576                VisualMicroDebug::read()
 .text._ZN16VisualMicroDebug9availableEv
                0x00081584        0xe C:\Users\Yu Zhe\AppData\Local\Temp\VMBuilds\rmc_motors\arduino_due_x_dbg\Debug\VM_DBG\VM_DBG.cpp.o
                0x00081584                VisualMicroDebug::available()
 *fill*         0x00081592        0x2 
 .text._ZN16VisualMicroDebug16sendContinuedACKEh
                0x00081594       0x3c C:\Users\Yu Zhe\AppData\Local\Temp\VMBuilds\rmc_motors\arduino_due_x_dbg\Debug\VM_DBG\VM_DBG.cpp.o
                0x00081594                VisualMicroDebug::sendContinuedACK(unsigned char)
 .text._ZN16VisualMicroDebug9breakWaitEh
                0x000815d0       0x54 C:\Users\Yu Zhe\AppData\Local\Temp\VMBuilds\rmc_motors\arduino_due_x_dbg\Debug\VM_DBG\VM_DBG.cpp.o
                0x000815d0                VisualMicroDebug::breakWait(unsigned char)
 .text._ZN16VisualMicroDebug5startEbb
                0x00081624       0x26 C:\Users\Yu Zhe\AppData\Local\Temp\VMBuilds\rmc_motors\arduino_due_x_dbg\Debug\VM_DBG\VM_DBG.cpp.o
                0x00081624                VisualMicroDebug::start(bool, bool)
 *fill*         0x0008164a        0x2 
 .text.startup._GLOBAL__sub_I__ZN16VisualMicroDebug16DBG_YieldAndWaitEm
                0x0008164c       0x14 C:\Users\Yu Zhe\AppData\Local\Temp\VMBuilds\rmc_motors\arduino_due_x_dbg\Debug\VM_DBG\VM_DBG.cpp.o
 .text._Z11serialEventv
                0x00081660        0x2 C:\Users\Yu Zhe\AppData\Local\Temp\VMBuilds\rmc_motors\arduino_due_x_dbg\Debug\variant\variant.cpp.o
                0x00081660                serialEvent()
 *fill*         0x00081662        0x2 
 .text.UART_Handler
                0x00081664        0xc C:\Users\Yu Zhe\AppData\Local\Temp\VMBuilds\rmc_motors\arduino_due_x_dbg\Debug\variant\variant.cpp.o
                0x00081664                UART_Handler
 .text._Z12serialEvent1v
                0x00081670        0x2 C:\Users\Yu Zhe\AppData\Local\Temp\VMBuilds\rmc_motors\arduino_due_x_dbg\Debug\variant\variant.cpp.o
                0x00081670                serialEvent1()
 .text._Z12serialEvent2v
                0x00081672        0x2 C:\Users\Yu Zhe\AppData\Local\Temp\VMBuilds\rmc_motors\arduino_due_x_dbg\Debug\variant\variant.cpp.o
                0x00081672                serialEvent2()
 .text._Z12serialEvent3v
                0x00081674        0x2 C:\Users\Yu Zhe\AppData\Local\Temp\VMBuilds\rmc_motors\arduino_due_x_dbg\Debug\variant\variant.cpp.o
                0x00081674                serialEvent3()
 *fill*         0x00081676        0x2 
 .text.USART0_Handler
                0x00081678        0xc C:\Users\Yu Zhe\AppData\Local\Temp\VMBuilds\rmc_motors\arduino_due_x_dbg\Debug\variant\variant.cpp.o
                0x00081678                USART0_Handler
 .text.USART1_Handler
                0x00081684        0xc C:\Users\Yu Zhe\AppData\Local\Temp\VMBuilds\rmc_motors\arduino_due_x_dbg\Debug\variant\variant.cpp.o
                0x00081684                USART1_Handler
 .text.USART3_Handler
                0x00081690        0xc C:\Users\Yu Zhe\AppData\Local\Temp\VMBuilds\rmc_motors\arduino_due_x_dbg\Debug\variant\variant.cpp.o
                0x00081690                USART3_Handler
 .text.init     0x0008169c      0x128 C:\Users\Yu Zhe\AppData\Local\Temp\VMBuilds\rmc_motors\arduino_due_x_dbg\Debug\variant\variant.cpp.o
                0x0008169c                init
 .text.startup._GLOBAL__sub_I_g_APinDescription
                0x000817c4       0xd4 C:\Users\Yu Zhe\AppData\Local\Temp\VMBuilds\rmc_motors\arduino_due_x_dbg\Debug\variant\variant.cpp.o
 .text._Z14serialEventRunv
                0x00081898       0x44 C:\Users\Yu Zhe\AppData\Local\Temp\VMBuilds\rmc_motors\arduino_due_x_dbg\Debug\variant\variant.cpp.o
                0x00081898                serialEventRun()
 .text.PIO_PullUp
                0x000818dc        0xa C:\Users\Yu Zhe\AppData\Local\arduino15\packages\arduino\hardware\sam\1.6.11\variants\arduino_due_x/libsam_sam3x8e_gcc_rel.a(pio.o)
                0x000818dc                PIO_PullUp
 .text.PIO_SetPeripheral
                0x000818e6       0x26 C:\Users\Yu Zhe\AppData\Local\arduino15\packages\arduino\hardware\sam\1.6.11\variants\arduino_due_x/libsam_sam3x8e_gcc_rel.a(pio.o)
                0x000818e6                PIO_SetPeripheral
 .text.PIO_SetInput
                0x0008190c       0x26 C:\Users\Yu Zhe\AppData\Local\arduino15\packages\arduino\hardware\sam\1.6.11\variants\arduino_due_x/libsam_sam3x8e_gcc_rel.a(pio.o)
                0x0008190c                PIO_SetInput
 .text.PIO_SetOutput
                0x00081932       0x24 C:\Users\Yu Zhe\AppData\Local\arduino15\packages\arduino\hardware\sam\1.6.11\variants\arduino_due_x/libsam_sam3x8e_gcc_rel.a(pio.o)
                0x00081932                PIO_SetOutput
 *fill*         0x00081956        0x2 
 .text.PIO_Configure
                0x00081958       0x64 C:\Users\Yu Zhe\AppData\Local\arduino15\packages\arduino\hardware\sam\1.6.11\variants\arduino_due_x/libsam_sam3x8e_gcc_rel.a(pio.o)
                0x00081958                PIO_Configure
 .text.PIO_GetOutputDataStatus
                0x000819bc       0x14 C:\Users\Yu Zhe\AppData\Local\arduino15\packages\arduino\hardware\sam\1.6.11\variants\arduino_due_x/libsam_sam3x8e_gcc_rel.a(pio.o)
                0x000819bc                PIO_GetOutputDataStatus
 .text.pmc_enable_upll_clock
                0x000819d0       0x14 C:\Users\Yu Zhe\AppData\Local\arduino15\packages\arduino\hardware\sam\1.6.11\variants\arduino_due_x/libsam_sam3x8e_gcc_rel.a(pmc.o)
                0x000819d0                pmc_enable_upll_clock
 .text.pmc_enable_periph_clk
                0x000819e4       0x44 C:\Users\Yu Zhe\AppData\Local\arduino15\packages\arduino\hardware\sam\1.6.11\variants\arduino_due_x/libsam_sam3x8e_gcc_rel.a(pmc.o)
                0x000819e4                pmc_enable_periph_clk
 .text.pmc_disable_periph_clk
                0x00081a28       0x40 C:\Users\Yu Zhe\AppData\Local\arduino15\packages\arduino\hardware\sam\1.6.11\variants\arduino_due_x/libsam_sam3x8e_gcc_rel.a(pmc.o)
                0x00081a28                pmc_disable_periph_clk
 .text.pmc_switch_udpck_to_upllck
                0x00081a68       0x14 C:\Users\Yu Zhe\AppData\Local\arduino15\packages\arduino\hardware\sam\1.6.11\variants\arduino_due_x/libsam_sam3x8e_gcc_rel.a(pmc.o)
                0x00081a68                pmc_switch_udpck_to_upllck
 .text.pmc_enable_udpck
                0x00081a7c        0xc C:\Users\Yu Zhe\AppData\Local\arduino15\packages\arduino\hardware\sam\1.6.11\variants\arduino_due_x/libsam_sam3x8e_gcc_rel.a(pmc.o)
                0x00081a7c                pmc_enable_udpck
 .text.SystemInit
                0x00081a88       0x88 C:\Users\Yu Zhe\AppData\Local\arduino15\packages\arduino\hardware\sam\1.6.11\variants\arduino_due_x/libsam_sam3x8e_gcc_rel.a(system_sam3xa.o)
                0x00081a88                SystemInit
 .text.Reset_Handler
                0x00081b10       0x78 C:\Users\Yu Zhe\AppData\Local\arduino15\packages\arduino\hardware\sam\1.6.11\variants\arduino_due_x/libsam_sam3x8e_gcc_rel.a(startup_sam3xa.o)
                0x00081b10                Reset_Handler
 .text.adc_init
                0x00081b88       0x98 C:\Users\Yu Zhe\AppData\Local\arduino15\packages\arduino\hardware\sam\1.6.11\variants\arduino_due_x/libsam_sam3x8e_gcc_rel.a(adc.o)
                0x00081b88                adc_init
 .text.adc_configure_trigger
                0x00081c20        0xe C:\Users\Yu Zhe\AppData\Local\arduino15\packages\arduino\hardware\sam\1.6.11\variants\arduino_due_x/libsam_sam3x8e_gcc_rel.a(adc.o)
                0x00081c20                adc_configure_trigger
 .text.adc_configure_timing
                0x00081c2e       0x1a C:\Users\Yu Zhe\AppData\Local\arduino15\packages\arduino\hardware\sam\1.6.11\variants\arduino_due_x/libsam_sam3x8e_gcc_rel.a(adc.o)
                0x00081c2e                adc_configure_timing
 .text.adc_disable_channel
                0x00081c48        0xa C:\Users\Yu Zhe\AppData\Local\arduino15\packages\arduino\hardware\sam\1.6.11\variants\arduino_due_x/libsam_sam3x8e_gcc_rel.a(adc.o)
                0x00081c48                adc_disable_channel
 .text.adc_disable_all_channel
                0x00081c52        0x8 C:\Users\Yu Zhe\AppData\Local\arduino15\packages\arduino\hardware\sam\1.6.11\variants\arduino_due_x/libsam_sam3x8e_gcc_rel.a(adc.o)
                0x00081c52                adc_disable_all_channel
 .text.adc_disable_interrupt
                0x00081c5a        0x4 C:\Users\Yu Zhe\AppData\Local\arduino15\packages\arduino\hardware\sam\1.6.11\variants\arduino_due_x/libsam_sam3x8e_gcc_rel.a(adc.o)
                0x00081c5a                adc_disable_interrupt
 *fill*         0x00081c5e        0x2 
 .text.UOTGHS_Handler
                0x00081c60       0x10 C:\Users\Yu Zhe\AppData\Local\arduino15\packages\arduino\hardware\sam\1.6.11\variants\arduino_due_x/libsam_sam3x8e_gcc_rel.a(uotghs.o)
                0x00081c60                UOTGHS_Handler
 .text.__halt   0x00081c70        0x2 C:\Users\Yu Zhe\AppData\Local\Temp\VMBuilds\rmc_motors\arduino_due_x_dbg\Debug/core.a(cortex_handlers.c.o)
                0x00081c70                DACC_Handler
                0x00081c70                DebugMon_Handler
                0x00081c70                DMAC_Handler
                0x00081c70                TRNG_Handler
                0x00081c70                HardFault_Handler
                0x00081c70                TC2_Handler
                0x00081c70                TWI1_Handler
                0x00081c70                NMI_Handler
                0x00081c70                TC7_Handler
                0x00081c70                ADC_Handler
                0x00081c70                SMC_Handler
                0x00081c70                RTT_Handler
                0x00081c70                EFC1_Handler
                0x00081c70                PIOB_Handler
                0x00081c70                RTC_Handler
                0x00081c70                UsageFault_Handler
                0x00081c70                TC6_Handler
                0x00081c70                WDT_Handler
                0x00081c70                CAN0_Handler
                0x00081c70                TC4_Handler
                0x00081c70                TC1_Handler
                0x00081c70                HSMCI_Handler
                0x00081c70                TC3_Handler
                0x00081c70                TWI0_Handler
                0x00081c70                PIOA_Handler
                0x00081c70                SSC_Handler
                0x00081c70                EFC0_Handler
                0x00081c70                PMC_Handler
                0x00081c70                PWM_Handler
                0x00081c70                CAN1_Handler
                0x00081c70                MemManage_Handler
                0x00081c70                SUPC_Handler
                0x00081c70                TC8_Handler
                0x00081c70                USART2_Handler
                0x00081c70                PIOD_Handler
                0x00081c70                EMAC_Handler
                0x00081c70                PIOC_Handler
                0x00081c70                BusFault_Handler
                0x00081c70                RSTC_Handler
                0x00081c70                TC0_Handler
                0x00081c70                TC5_Handler
                0x00081c70                SPI0_Handler
 .text.SVC_Handler
                0x00081c72        0x4 C:\Users\Yu Zhe\AppData\Local\Temp\VMBuilds\rmc_motors\arduino_due_x_dbg\Debug/core.a(cortex_handlers.c.o)
                0x00081c72                SVC_Handler
 .text.PendSV_Handler
                0x00081c76        0x4 C:\Users\Yu Zhe\AppData\Local\Temp\VMBuilds\rmc_motors\arduino_due_x_dbg\Debug/core.a(cortex_handlers.c.o)
                0x00081c76                PendSV_Handler
 .text.SysTick_Handler
                0x00081c7a       0x16 C:\Users\Yu Zhe\AppData\Local\Temp\VMBuilds\rmc_motors\arduino_due_x_dbg\Debug/core.a(cortex_handlers.c.o)
                0x00081c7a                SysTick_Handler
 .text.__empty  0x00081c90        0x2 C:\Users\Yu Zhe\AppData\Local\Temp\VMBuilds\rmc_motors\arduino_due_x_dbg\Debug/core.a(hooks.c.o)
                0x00081c90                yield
 .text.__false  0x00081c92        0x4 C:\Users\Yu Zhe\AppData\Local\Temp\VMBuilds\rmc_motors\arduino_due_x_dbg\Debug/core.a(hooks.c.o)
                0x00081c92                sysTickHook
 .text.__halt   0x00081c96        0x2 C:\Users\Yu Zhe\AppData\Local\Temp\VMBuilds\rmc_motors\arduino_due_x_dbg\Debug/core.a(hooks.c.o)
                0x00081c96                svcHook
                0x00081c96                pendSVHook
 .text._sbrk    0x00081c98       0x1c C:\Users\Yu Zhe\AppData\Local\Temp\VMBuilds\rmc_motors\arduino_due_x_dbg\Debug/core.a(syscalls_sam3.c.o)
                0x00081c98                _sbrk
 .text.link     0x00081cb4        0x6 C:\Users\Yu Zhe\AppData\Local\Temp\VMBuilds\rmc_motors\arduino_due_x_dbg\Debug/core.a(syscalls_sam3.c.o)
                0x00081cb4                link
 .text._close   0x00081cba        0x6 C:\Users\Yu Zhe\AppData\Local\Temp\VMBuilds\rmc_motors\arduino_due_x_dbg\Debug/core.a(syscalls_sam3.c.o)
                0x00081cba                _close
 .text._fstat   0x00081cc0        0xa C:\Users\Yu Zhe\AppData\Local\Temp\VMBuilds\rmc_motors\arduino_due_x_dbg\Debug/core.a(syscalls_sam3.c.o)
                0x00081cc0                _fstat
 .text._isatty  0x00081cca        0x4 C:\Users\Yu Zhe\AppData\Local\Temp\VMBuilds\rmc_motors\arduino_due_x_dbg\Debug/core.a(syscalls_sam3.c.o)
                0x00081cca                _isatty
 .text._lseek   0x00081cce        0x4 C:\Users\Yu Zhe\AppData\Local\Temp\VMBuilds\rmc_motors\arduino_due_x_dbg\Debug/core.a(syscalls_sam3.c.o)
                0x00081cce                _lseek
 .text._read    0x00081cd2        0x4 C:\Users\Yu Zhe\AppData\Local\Temp\VMBuilds\rmc_motors\arduino_due_x_dbg\Debug/core.a(syscalls_sam3.c.o)
                0x00081cd2                _read
 *fill*         0x00081cd6        0x2 
 .text._write   0x00081cd8       0x24 C:\Users\Yu Zhe\AppData\Local\Temp\VMBuilds\rmc_motors\arduino_due_x_dbg\Debug/core.a(syscalls_sam3.c.o)
                0x00081cd8                _write
 .text._exit    0x00081cfc       0x10 C:\Users\Yu Zhe\AppData\Local\Temp\VMBuilds\rmc_motors\arduino_due_x_dbg\Debug/core.a(syscalls_sam3.c.o)
                0x00081cfc                _exit
 .text._kill    0x00081d0c        0x2 C:\Users\Yu Zhe\AppData\Local\Temp\VMBuilds\rmc_motors\arduino_due_x_dbg\Debug/core.a(syscalls_sam3.c.o)
                0x00081d0c                _kill
 .text._getpid  0x00081d0e        0x6 C:\Users\Yu Zhe\AppData\Local\Temp\VMBuilds\rmc_motors\arduino_due_x_dbg\Debug/core.a(syscalls_sam3.c.o)
                0x00081d0e                _getpid
 .text.millis   0x00081d14        0x4 C:\Users\Yu Zhe\AppData\Local\Temp\VMBuilds\rmc_motors\arduino_due_x_dbg\Debug/core.a(wiring.c.o)
                0x00081d14                millis
 .text.delay    0x00081d18       0x1c C:\Users\Yu Zhe\AppData\Local\Temp\VMBuilds\rmc_motors\arduino_due_x_dbg\Debug/core.a(wiring.c.o)
                0x00081d18                delay
 .text.analogOutputInit
                0x00081d34        0x2 C:\Users\Yu Zhe\AppData\Local\Temp\VMBuilds\rmc_motors\arduino_due_x_dbg\Debug/core.a(wiring_analog.c.o)
                0x00081d34                analogOutputInit
 *fill*         0x00081d36        0x2 
 .text.pinMode  0x00081d38      0x108 C:\Users\Yu Zhe\AppData\Local\Temp\VMBuilds\rmc_motors\arduino_due_x_dbg\Debug/core.a(wiring_digital.c.o)
                0x00081d38                pinMode
 .text.digitalWrite
                0x00081e40       0x70 C:\Users\Yu Zhe\AppData\Local\Temp\VMBuilds\rmc_motors\arduino_due_x_dbg\Debug/core.a(wiring_digital.c.o)
                0x00081e40                digitalWrite
 .text.initVariant
                0x00081eb0        0x2 C:\Users\Yu Zhe\AppData\Local\Temp\VMBuilds\rmc_motors\arduino_due_x_dbg\Debug/core.a(main.cpp.o)
                0x00081eb0                initVariant
 *fill*         0x00081eb2        0x2 
 .text.startup.main
                0x00081eb4       0x38 C:\Users\Yu Zhe\AppData\Local\Temp\VMBuilds\rmc_motors\arduino_due_x_dbg\Debug/core.a(main.cpp.o)
                0x00081eb4                main
 .text._Znwj    0x00081eec        0x4 C:\Users\Yu Zhe\AppData\Local\Temp\VMBuilds\rmc_motors\arduino_due_x_dbg\Debug/core.a(new.cpp.o)
                0x00081eec                operator new(unsigned int)
 .text._ZN5Print5writeEPKhj
                0x00081ef0       0x22 C:\Users\Yu Zhe\AppData\Local\Temp\VMBuilds\rmc_motors\arduino_due_x_dbg\Debug/core.a(Print.cpp.o)
                0x00081ef0                Print::write(unsigned char const*, unsigned int)
 .text._ZN5Print5printEmi.part.3
                0x00081f12        0xc C:\Users\Yu Zhe\AppData\Local\Temp\VMBuilds\rmc_motors\arduino_due_x_dbg\Debug/core.a(Print.cpp.o)
 .text._ZN5Print5writeEPKc
                0x00081f1e       0x1e C:\Users\Yu Zhe\AppData\Local\Temp\VMBuilds\rmc_motors\arduino_due_x_dbg\Debug/core.a(Print.cpp.o)
                0x00081f1e                Print::write(char const*)
 .text._ZN5Print5printEPKc
                0x00081f3c        0x8 C:\Users\Yu Zhe\AppData\Local\Temp\VMBuilds\rmc_motors\arduino_due_x_dbg\Debug/core.a(Print.cpp.o)
                0x00081f3c                Print::print(char const*)
 .text._ZN5Print11printNumberEmh
                0x00081f44       0x3e C:\Users\Yu Zhe\AppData\Local\Temp\VMBuilds\rmc_motors\arduino_due_x_dbg\Debug/core.a(Print.cpp.o)
                0x00081f44                Print::printNumber(unsigned long, unsigned char)
 .text._ZN5Print5printEmi
                0x00081f82        0xc C:\Users\Yu Zhe\AppData\Local\Temp\VMBuilds\rmc_motors\arduino_due_x_dbg\Debug/core.a(Print.cpp.o)
                0x00081f82                Print::print(unsigned long, int)
 .text._ZN5Print5printEhi
                0x00081f8e        0x4 C:\Users\Yu Zhe\AppData\Local\Temp\VMBuilds\rmc_motors\arduino_due_x_dbg\Debug/core.a(Print.cpp.o)
                0x00081f8e                Print::print(unsigned char, int)
 *fill*         0x00081f92        0x2 
 .text.initiateReset
                0x00081f94        0xc C:\Users\Yu Zhe\AppData\Local\Temp\VMBuilds\rmc_motors\arduino_due_x_dbg\Debug/core.a(Reset.cpp.o)
                0x00081f94                initiateReset
 .text.cancelReset
                0x00081fa0       0x10 C:\Users\Yu Zhe\AppData\Local\Temp\VMBuilds\rmc_motors\arduino_due_x_dbg\Debug/core.a(Reset.cpp.o)
                0x00081fa0                cancelReset
 .text.tickReset
                0x00081fb0       0x20 C:\Users\Yu Zhe\AppData\Local\Temp\VMBuilds\rmc_motors\arduino_due_x_dbg\Debug/core.a(Reset.cpp.o)
                0x00081fb0                tickReset
 .text._ZN10RingBufferC2Ev
                0x00081fd0       0x1a C:\Users\Yu Zhe\AppData\Local\Temp\VMBuilds\rmc_motors\arduino_due_x_dbg\Debug/core.a(RingBuffer.cpp.o)
                0x00081fd0                RingBuffer::RingBuffer()
                0x00081fd0                RingBuffer::RingBuffer()
 .text._ZN10RingBuffer10store_charEh
                0x00081fea       0x1e C:\Users\Yu Zhe\AppData\Local\Temp\VMBuilds\rmc_motors\arduino_due_x_dbg\Debug/core.a(RingBuffer.cpp.o)
                0x00081fea                RingBuffer::store_char(unsigned char)
 .text._ZN9UARTClasscvbEv
                0x00082008        0x4 C:\Users\Yu Zhe\AppData\Local\Temp\VMBuilds\rmc_motors\arduino_due_x_dbg\Debug/core.a(UARTClass.cpp.o)
                0x00082008                UARTClass::operator bool()
 .text._ZN9UARTClass9availableEv
                0x0008200c       0x12 C:\Users\Yu Zhe\AppData\Local\Temp\VMBuilds\rmc_motors\arduino_due_x_dbg\Debug/core.a(UARTClass.cpp.o)
                0x0008200c                UARTClass::available()
 .text._ZN9UARTClass4peekEv
                0x0008201e       0x1c C:\Users\Yu Zhe\AppData\Local\Temp\VMBuilds\rmc_motors\arduino_due_x_dbg\Debug/core.a(UARTClass.cpp.o)
                0x0008201e                UARTClass::peek()
 .text._ZN9UARTClass4readEv
                0x0008203a       0x2a C:\Users\Yu Zhe\AppData\Local\Temp\VMBuilds\rmc_motors\arduino_due_x_dbg\Debug/core.a(UARTClass.cpp.o)
                0x0008203a                UARTClass::read()
 .text._ZN9UARTClass5flushEv
                0x00082064       0x18 C:\Users\Yu Zhe\AppData\Local\Temp\VMBuilds\rmc_motors\arduino_due_x_dbg\Debug/core.a(UARTClass.cpp.o)
                0x00082064                UARTClass::flush()
 .text._ZN9UARTClass5writeEh
                0x0008207c       0x54 C:\Users\Yu Zhe\AppData\Local\Temp\VMBuilds\rmc_motors\arduino_due_x_dbg\Debug/core.a(UARTClass.cpp.o)
                0x0008207c                UARTClass::write(unsigned char)
 .text._ZN9UARTClass3endEv
                0x000820d0       0x3c C:\Users\Yu Zhe\AppData\Local\Temp\VMBuilds\rmc_motors\arduino_due_x_dbg\Debug/core.a(UARTClass.cpp.o)
                0x000820d0                UARTClass::end()
 .text._ZN9UARTClassC2EP4Uart4IRQnmP10RingBufferS4_
                0x0008210c       0x24 C:\Users\Yu Zhe\AppData\Local\Temp\VMBuilds\rmc_motors\arduino_due_x_dbg\Debug/core.a(UARTClass.cpp.o)
                0x0008210c                UARTClass::UARTClass(Uart*, IRQn, unsigned long, RingBuffer*, RingBuffer*)
                0x0008210c                UARTClass::UARTClass(Uart*, IRQn, unsigned long, RingBuffer*, RingBuffer*)
 .text._ZN9UARTClass4initEmm
                0x00082130       0x70 C:\Users\Yu Zhe\AppData\Local\Temp\VMBuilds\rmc_motors\arduino_due_x_dbg\Debug/core.a(UARTClass.cpp.o)
                0x00082130                UARTClass::init(unsigned long, unsigned long)
 .text._ZN9UARTClass5beginEm
                0x000821a0        0x8 C:\Users\Yu Zhe\AppData\Local\Temp\VMBuilds\rmc_motors\arduino_due_x_dbg\Debug/core.a(UARTClass.cpp.o)
                0x000821a0                UARTClass::begin(unsigned long)
 .text._ZN9UARTClass10IrqHandlerEv
                0x000821a8       0x5a C:\Users\Yu Zhe\AppData\Local\Temp\VMBuilds\rmc_motors\arduino_due_x_dbg\Debug/core.a(UARTClass.cpp.o)
                0x000821a8                UARTClass::IrqHandler()
 .text._ZN10USARTClass5beginEm
                0x00082202        0x8 C:\Users\Yu Zhe\AppData\Local\Temp\VMBuilds\rmc_motors\arduino_due_x_dbg\Debug/core.a(USARTClass.cpp.o)
                0x00082202                USARTClass::begin(unsigned long)
 *fill*         0x0008220a        0x2 
 .text._ZN10USARTClassC2EP5Usart4IRQnmP10RingBufferS4_
                0x0008220c       0x24 C:\Users\Yu Zhe\AppData\Local\Temp\VMBuilds\rmc_motors\arduino_due_x_dbg\Debug/core.a(USARTClass.cpp.o)
                0x0008220c                USARTClass::USARTClass(Usart*, IRQn, unsigned long, RingBuffer*, RingBuffer*)
                0x0008220c                USARTClass::USARTClass(Usart*, IRQn, unsigned long, RingBuffer*, RingBuffer*)
 .text._watchdogDefaultSetup
                0x00082230        0xc C:\Users\Yu Zhe\AppData\Local\Temp\VMBuilds\rmc_motors\arduino_due_x_dbg\Debug/core.a(watchdog.cpp.o)
                0x00082230                _watchdogDefaultSetup
                0x00082230                watchdogSetup()
 .text._Z3maplllll
                0x0008223c       0x14 C:\Users\Yu Zhe\AppData\Local\Temp\VMBuilds\rmc_motors\arduino_due_x_dbg\Debug/core.a(WMath.cpp.o)
                0x0008223c                map(long, long, long, long, long)
 .text._ZN6StringD2Ev
                0x00082250        0xe C:\Users\Yu Zhe\AppData\Local\Temp\VMBuilds\rmc_motors\arduino_due_x_dbg\Debug/core.a(WString.cpp.o)
                0x00082250                String::~String()
                0x00082250                String::~String()
 .text._ZN6String10invalidateEv
                0x0008225e       0x16 C:\Users\Yu Zhe\AppData\Local\Temp\VMBuilds\rmc_motors\arduino_due_x_dbg\Debug/core.a(WString.cpp.o)
                0x0008225e                String::invalidate()
 .text._ZN6String12changeBufferEj
                0x00082274       0x18 C:\Users\Yu Zhe\AppData\Local\Temp\VMBuilds\rmc_motors\arduino_due_x_dbg\Debug/core.a(WString.cpp.o)
                0x00082274                String::changeBuffer(unsigned int)
 .text._ZN6String7reserveEj
                0x0008228c       0x22 C:\Users\Yu Zhe\AppData\Local\Temp\VMBuilds\rmc_motors\arduino_due_x_dbg\Debug/core.a(WString.cpp.o)
                0x0008228c                String::reserve(unsigned int)
 .text._ZN6String4copyEPKcj
                0x000822ae       0x26 C:\Users\Yu Zhe\AppData\Local\Temp\VMBuilds\rmc_motors\arduino_due_x_dbg\Debug/core.a(WString.cpp.o)
                0x000822ae                String::copy(char const*, unsigned int)
 .text._ZN6StringC2EPKc
                0x000822d4       0x24 C:\Users\Yu Zhe\AppData\Local\Temp\VMBuilds\rmc_motors\arduino_due_x_dbg\Debug/core.a(WString.cpp.o)
                0x000822d4                String::String(char const*)
                0x000822d4                String::String(char const*)
 .text.unlikely._ZL11USB_SendZlpv
                0x000822f8       0x20 C:\Users\Yu Zhe\AppData\Local\Temp\VMBuilds\rmc_motors\arduino_due_x_dbg\Debug/core.a(USBCore.cpp.o)
 .text._Z14USBD_Availablem
                0x00082318       0x2c C:\Users\Yu Zhe\AppData\Local\Temp\VMBuilds\rmc_motors\arduino_due_x_dbg\Debug/core.a(USBCore.cpp.o)
                0x00082318                USBD_Available(unsigned long)
 .text._Z9USBD_RecvmPvm
                0x00082344       0x7c C:\Users\Yu Zhe\AppData\Local\Temp\VMBuilds\rmc_motors\arduino_due_x_dbg\Debug/core.a(USBCore.cpp.o)
                0x00082344                USBD_Recv(unsigned long, void*, unsigned long)
 .text._Z9USBD_Recvm
                0x000823c0       0x22 C:\Users\Yu Zhe\AppData\Local\Temp\VMBuilds\rmc_motors\arduino_due_x_dbg\Debug/core.a(USBCore.cpp.o)
                0x000823c0                USBD_Recv(unsigned long)
 *fill*         0x000823e2        0x2 
 .text._Z9USBD_SendmPKvm
                0x000823e4       0x4c C:\Users\Yu Zhe\AppData\Local\Temp\VMBuilds\rmc_motors\arduino_due_x_dbg\Debug/core.a(USBCore.cpp.o)
                0x000823e4                USBD_Send(unsigned long, void const*, unsigned long)
 .text._Z16USBD_SendControlhPKvm
                0x00082430       0x40 C:\Users\Yu Zhe\AppData\Local\Temp\VMBuilds\rmc_motors\arduino_due_x_dbg\Debug/core.a(USBCore.cpp.o)
                0x00082430                USBD_SendControl(unsigned char, void const*, unsigned long)
 .text.unlikely._ZL24USB_SendStringDescriptorPKhi
                0x00082470       0x64 C:\Users\Yu Zhe\AppData\Local\Temp\VMBuilds\rmc_motors\arduino_due_x_dbg\Debug/core.a(USBCore.cpp.o)
 .text._Z16USBD_RecvControlPvm
                0x000824d4       0x1c C:\Users\Yu Zhe\AppData\Local\Temp\VMBuilds\rmc_motors\arduino_due_x_dbg\Debug/core.a(USBCore.cpp.o)
                0x000824d4                USBD_RecvControl(void*, unsigned long)
 .text._Z26USBD_ClassInterfaceRequestR8USBSetup
                0x000824f0       0x1e C:\Users\Yu Zhe\AppData\Local\Temp\VMBuilds\rmc_motors\arduino_due_x_dbg\Debug/core.a(USBCore.cpp.o)
                0x000824f0                USBD_ClassInterfaceRequest(USBSetup&)
 .text._Z19USBD_SendInterfacesv
                0x0008250e       0x22 C:\Users\Yu Zhe\AppData\Local\Temp\VMBuilds\rmc_motors\arduino_due_x_dbg\Debug/core.a(USBCore.cpp.o)
                0x0008250e                USBD_SendInterfaces()
 .text._Z24USBD_SendOtherInterfacesv
                0x00082530       0x22 C:\Users\Yu Zhe\AppData\Local\Temp\VMBuilds\rmc_motors\arduino_due_x_dbg\Debug/core.a(USBCore.cpp.o)
                0x00082530                USBD_SendOtherInterfaces()
 .text._Z10USBD_Flushm
                0x00082552       0x16 C:\Users\Yu Zhe\AppData\Local\Temp\VMBuilds\rmc_motors\arduino_due_x_dbg\Debug/core.a(USBCore.cpp.o)
                0x00082552                USBD_Flush(unsigned long)
 .text._ZN10USBDevice_C2Ev
                0x00082568       0x24 C:\Users\Yu Zhe\AppData\Local\Temp\VMBuilds\rmc_motors\arduino_due_x_dbg\Debug/core.a(USBCore.cpp.o)
                0x00082568                USBDevice_::USBDevice_()
                0x00082568                USBDevice_::USBDevice_()
 .text._ZN10USBDevice_6attachEv
                0x0008258c       0x20 C:\Users\Yu Zhe\AppData\Local\Temp\VMBuilds\rmc_motors\arduino_due_x_dbg\Debug/core.a(USBCore.cpp.o)
                0x0008258c                USBDevice_::attach()
 .text.startup._GLOBAL__sub_I_EndPoints
                0x000825ac        0xc C:\Users\Yu Zhe\AppData\Local\Temp\VMBuilds\rmc_motors\arduino_due_x_dbg\Debug/core.a(USBCore.cpp.o)
 .text._ZL7USB_ISRv
                0x000825b8      0x454 C:\Users\Yu Zhe\AppData\Local\Temp\VMBuilds\rmc_motors\arduino_due_x_dbg\Debug/core.a(USBCore.cpp.o)
 .text._ZN7Serial_9availableEv
                0x00082a0c       0x18 C:\Users\Yu Zhe\AppData\Local\Temp\VMBuilds\rmc_motors\arduino_due_x_dbg\Debug/core.a(CDC.cpp.o)
                0x00082a0c                Serial_::available()
 .text._ZN7Serial_17availableForWriteEv
                0x00082a24        0x6 C:\Users\Yu Zhe\AppData\Local\Temp\VMBuilds\rmc_motors\arduino_due_x_dbg\Debug/core.a(CDC.cpp.o)
                0x00082a24                Serial_::availableForWrite()
 *fill*         0x00082a2a        0x2 
 .text._ZN7Serial_4peekEv
                0x00082a2c       0x20 C:\Users\Yu Zhe\AppData\Local\Temp\VMBuilds\rmc_motors\arduino_due_x_dbg\Debug/core.a(CDC.cpp.o)
                0x00082a2c                Serial_::peek()
 .text._ZN7Serial_5writeEh
                0x00082a4c       0x16 C:\Users\Yu Zhe\AppData\Local\Temp\VMBuilds\rmc_motors\arduino_due_x_dbg\Debug/core.a(CDC.cpp.o)
                0x00082a4c                Serial_::write(unsigned char)
 *fill*         0x00082a62        0x2 
 .text._ZN7Serial_4readEv
                0x00082a64       0x44 C:\Users\Yu Zhe\AppData\Local\Temp\VMBuilds\rmc_motors\arduino_due_x_dbg\Debug/core.a(CDC.cpp.o)
                0x00082a64                Serial_::read()
 .text._ZN7Serial_5flushEv
                0x00082aa8        0x6 C:\Users\Yu Zhe\AppData\Local\Temp\VMBuilds\rmc_motors\arduino_due_x_dbg\Debug/core.a(CDC.cpp.o)
                0x00082aa8                Serial_::flush()
 *fill*         0x00082aae        0x2 
 .text._ZN7Serial_6acceptEv
                0x00082ab0       0x70 C:\Users\Yu Zhe\AppData\Local\Temp\VMBuilds\rmc_motors\arduino_due_x_dbg\Debug/core.a(CDC.cpp.o)
                0x00082ab0                Serial_::accept()
 .text._ZN7Serial_5writeEPKhj
                0x00082b20       0x2c C:\Users\Yu Zhe\AppData\Local\Temp\VMBuilds\rmc_motors\arduino_due_x_dbg\Debug/core.a(CDC.cpp.o)
                0x00082b20                Serial_::write(unsigned char const*, unsigned int)
 .text._Z16CDC_GetInterfacePh
                0x00082b4c       0x14 C:\Users\Yu Zhe\AppData\Local\Temp\VMBuilds\rmc_motors\arduino_due_x_dbg\Debug/core.a(CDC.cpp.o)
                0x00082b4c                CDC_GetInterface(unsigned char*)
 .text._Z21CDC_GetOtherInterfacePh
                0x00082b60       0x14 C:\Users\Yu Zhe\AppData\Local\Temp\VMBuilds\rmc_motors\arduino_due_x_dbg\Debug/core.a(CDC.cpp.o)
                0x00082b60                CDC_GetOtherInterface(unsigned char*)
 .text._Z9CDC_SetupR8USBSetup
                0x00082b74       0x78 C:\Users\Yu Zhe\AppData\Local\Temp\VMBuilds\rmc_motors\arduino_due_x_dbg\Debug/core.a(CDC.cpp.o)
                0x00082b74                CDC_Setup(USBSetup&)
 .text.startup._GLOBAL__sub_I_cdc_rx_buffer
                0x00082bec       0x1c C:\Users\Yu Zhe\AppData\Local\Temp\VMBuilds\rmc_motors\arduino_due_x_dbg\Debug/core.a(CDC.cpp.o)
 .text._ZN13PluggableUSB_12getInterfaceEPh
                0x00082c08       0x28 C:\Users\Yu Zhe\AppData\Local\Temp\VMBuilds\rmc_motors\arduino_due_x_dbg\Debug/core.a(PluggableUSB.cpp.o)
                0x00082c08                PluggableUSB_::getInterface(unsigned char*)
 .text._ZN13PluggableUSB_13getDescriptorER8USBSetup
                0x00082c30       0x1c C:\Users\Yu Zhe\AppData\Local\Temp\VMBuilds\rmc_motors\arduino_due_x_dbg\Debug/core.a(PluggableUSB.cpp.o)
                0x00082c30                PluggableUSB_::getDescriptor(USBSetup&)
 .text._ZN13PluggableUSB_12getShortNameEPc
                0x00082c4c       0x1c C:\Users\Yu Zhe\AppData\Local\Temp\VMBuilds\rmc_motors\arduino_due_x_dbg\Debug/core.a(PluggableUSB.cpp.o)
                0x00082c4c                PluggableUSB_::getShortName(char*)
 .text._ZN13PluggableUSB_5setupER8USBSetup
                0x00082c68       0x20 C:\Users\Yu Zhe\AppData\Local\Temp\VMBuilds\rmc_motors\arduino_due_x_dbg\Debug/core.a(PluggableUSB.cpp.o)
                0x00082c68                PluggableUSB_::setup(USBSetup&)
 .text._Z12PluggableUSBv
                0x00082c88       0x28 C:\Users\Yu Zhe\AppData\Local\Temp\VMBuilds\rmc_motors\arduino_due_x_dbg\Debug/core.a(PluggableUSB.cpp.o)
                0x00082c88                PluggableUSB()
 .text.TimeTick_Increment
                0x00082cb0       0x10 C:\Users\Yu Zhe\AppData\Local\arduino15\packages\arduino\hardware\sam\1.6.11\variants\arduino_due_x/libsam_sam3x8e_gcc_rel.a(timetick.o)
                0x00082cb0                TimeTick_Increment
 .text.GetTickCount
                0x00082cc0        0xc C:\Users\Yu Zhe\AppData\Local\arduino15\packages\arduino\hardware\sam\1.6.11\variants\arduino_due_x/libsam_sam3x8e_gcc_rel.a(timetick.o)
                0x00082cc0                GetTickCount
 .text.WDT_Disable
                0x00082ccc        0x8 C:\Users\Yu Zhe\AppData\Local\arduino15\packages\arduino\hardware\sam\1.6.11\variants\arduino_due_x/libsam_sam3x8e_gcc_rel.a(wdt.o)
                0x00082ccc                WDT_Disable
 .text.UDD_SetStack
                0x00082cd4        0xc C:\Users\Yu Zhe\AppData\Local\arduino15\packages\arduino\hardware\sam\1.6.11\variants\arduino_due_x/libsam_sam3x8e_gcc_rel.a(uotghs_device.o)
                0x00082cd4                UDD_SetStack
 .text.UDD_Init
                0x00082ce0       0xd0 C:\Users\Yu Zhe\AppData\Local\arduino15\packages\arduino\hardware\sam\1.6.11\variants\arduino_due_x/libsam_sam3x8e_gcc_rel.a(uotghs_device.o)
                0x00082ce0                UDD_Init
 .text.UDD_Attach
                0x00082db0       0x50 C:\Users\Yu Zhe\AppData\Local\arduino15\packages\arduino\hardware\sam\1.6.11\variants\arduino_due_x/libsam_sam3x8e_gcc_rel.a(uotghs_device.o)
                0x00082db0                UDD_Attach
 .text.UDD_InitEP
                0x00082e00       0x2c C:\Users\Yu Zhe\AppData\Local\arduino15\packages\arduino\hardware\sam\1.6.11\variants\arduino_due_x/libsam_sam3x8e_gcc_rel.a(uotghs_device.o)
                0x00082e00                UDD_InitEP
 .text.UDD_InitEndpoints
                0x00082e2c       0x3c C:\Users\Yu Zhe\AppData\Local\arduino15\packages\arduino\hardware\sam\1.6.11\variants\arduino_due_x/libsam_sam3x8e_gcc_rel.a(uotghs_device.o)
                0x00082e2c                UDD_InitEndpoints
 .text.UDD_WaitIN
                0x00082e68       0x10 C:\Users\Yu Zhe\AppData\Local\arduino15\packages\arduino\hardware\sam\1.6.11\variants\arduino_due_x/libsam_sam3x8e_gcc_rel.a(uotghs_device.o)
                0x00082e68                UDD_WaitIN
 .text.UDD_WaitOUT
                0x00082e78       0x10 C:\Users\Yu Zhe\AppData\Local\arduino15\packages\arduino\hardware\sam\1.6.11\variants\arduino_due_x/libsam_sam3x8e_gcc_rel.a(uotghs_device.o)
                0x00082e78                UDD_WaitOUT
 .text.UDD_ClearIN
                0x00082e88       0x18 C:\Users\Yu Zhe\AppData\Local\arduino15\packages\arduino\hardware\sam\1.6.11\variants\arduino_due_x/libsam_sam3x8e_gcc_rel.a(uotghs_device.o)
                0x00082e88                UDD_ClearIN
 .text.UDD_ClearOUT
                0x00082ea0       0x18 C:\Users\Yu Zhe\AppData\Local\arduino15\packages\arduino\hardware\sam\1.6.11\variants\arduino_due_x/libsam_sam3x8e_gcc_rel.a(uotghs_device.o)
                0x00082ea0                UDD_ClearOUT
 .text.UDD_ReceivedSetupInt
                0x00082eb8       0x10 C:\Users\Yu Zhe\AppData\Local\arduino15\packages\arduino\hardware\sam\1.6.11\variants\arduino_due_x/libsam_sam3x8e_gcc_rel.a(uotghs_device.o)
                0x00082eb8                UDD_ReceivedSetupInt
 .text.UDD_ClearSetupInt
                0x00082ec8       0x10 C:\Users\Yu Zhe\AppData\Local\arduino15\packages\arduino\hardware\sam\1.6.11\variants\arduino_due_x/libsam_sam3x8e_gcc_rel.a(uotghs_device.o)
                0x00082ec8                UDD_ClearSetupInt
 .text.UDD_Send
                0x00082ed8       0x88 C:\Users\Yu Zhe\AppData\Local\arduino15\packages\arduino\hardware\sam\1.6.11\variants\arduino_due_x/libsam_sam3x8e_gcc_rel.a(uotghs_device.o)
                0x00082ed8                UDD_Send
 .text.UDD_Send8
                0x00082f60       0x24 C:\Users\Yu Zhe\AppData\Local\arduino15\packages\arduino\hardware\sam\1.6.11\variants\arduino_due_x/libsam_sam3x8e_gcc_rel.a(uotghs_device.o)
                0x00082f60                UDD_Send8
 .text.UDD_Recv8
                0x00082f84       0x28 C:\Users\Yu Zhe\AppData\Local\arduino15\packages\arduino\hardware\sam\1.6.11\variants\arduino_due_x/libsam_sam3x8e_gcc_rel.a(uotghs_device.o)
                0x00082f84                UDD_Recv8
 .text.UDD_Recv
                0x00082fac       0x34 C:\Users\Yu Zhe\AppData\Local\arduino15\packages\arduino\hardware\sam\1.6.11\variants\arduino_due_x/libsam_sam3x8e_gcc_rel.a(uotghs_device.o)
                0x00082fac                UDD_Recv
 .text.UDD_Stall
                0x00082fe0       0x14 C:\Users\Yu Zhe\AppData\Local\arduino15\packages\arduino\hardware\sam\1.6.11\variants\arduino_due_x/libsam_sam3x8e_gcc_rel.a(uotghs_device.o)
                0x00082fe0                UDD_Stall
 .text.UDD_FifoByteCount
                0x00082ff4       0x14 C:\Users\Yu Zhe\AppData\Local\arduino15\packages\arduino\hardware\sam\1.6.11\variants\arduino_due_x/libsam_sam3x8e_gcc_rel.a(uotghs_device.o)
                0x00082ff4                UDD_FifoByteCount
 .text.UDD_ReleaseRX
                0x00083008       0x28 C:\Users\Yu Zhe\AppData\Local\arduino15\packages\arduino\hardware\sam\1.6.11\variants\arduino_due_x/libsam_sam3x8e_gcc_rel.a(uotghs_device.o)
                0x00083008                UDD_ReleaseRX
 .text.UDD_ReleaseTX
                0x00083030       0x28 C:\Users\Yu Zhe\AppData\Local\arduino15\packages\arduino\hardware\sam\1.6.11\variants\arduino_due_x/libsam_sam3x8e_gcc_rel.a(uotghs_device.o)
                0x00083030                UDD_ReleaseTX
 .text.UDD_SetAddress
                0x00083058       0x20 C:\Users\Yu Zhe\AppData\Local\arduino15\packages\arduino\hardware\sam\1.6.11\variants\arduino_due_x/libsam_sam3x8e_gcc_rel.a(uotghs_device.o)
                0x00083058                UDD_SetAddress
 .text          0x00083078      0x370 c:/users/yu zhe/appdata/local/arduino15/packages/arduino/tools/arm-none-eabi-gcc/4.8.3-2014q1/bin/../lib/gcc/arm-none-eabi/4.8.3/armv7-m\libgcc.a(_arm_addsubdf3.o)
                0x00083078                __aeabi_drsub
                0x00083080                __aeabi_dsub
                0x00083080                __subdf3
                0x00083084                __aeabi_dadd
                0x00083084                __adddf3
                0x000832fc                __floatunsidf
                0x000832fc                __aeabi_ui2d
                0x0008331c                __floatsidf
                0x0008331c                __aeabi_i2d
                0x00083340                __aeabi_f2d
                0x00083340                __extendsfdf2
                0x0008337c                __floatundidf
                0x0008337c                __aeabi_ul2d
                0x0008338c                __floatdidf
                0x0008338c                __aeabi_l2d
 .text          0x000833e8      0x424 c:/users/yu zhe/appdata/local/arduino15/packages/arduino/tools/arm-none-eabi-gcc/4.8.3-2014q1/bin/../lib/gcc/arm-none-eabi/4.8.3/armv7-m\libgcc.a(_arm_muldivdf3.o)
                0x000833e8                __aeabi_dmul
                0x000833e8                __muldf3
                0x0008363c                __divdf3
                0x0008363c                __aeabi_ddiv
 .text          0x0008380c      0x110 c:/users/yu zhe/appdata/local/arduino15/packages/arduino/tools/arm-none-eabi-gcc/4.8.3-2014q1/bin/../lib/gcc/arm-none-eabi/4.8.3/armv7-m\libgcc.a(_arm_cmpdf2.o)
                0x0008380c                __gtdf2
                0x0008380c                __gedf2
                0x00083814                __ltdf2
                0x00083814                __ledf2
                0x0008381c                __nedf2
                0x0008381c                __eqdf2
                0x0008381c                __cmpdf2
                0x00083898                __aeabi_cdrcmple
                0x000838a8                __aeabi_cdcmpeq
                0x000838a8                __aeabi_cdcmple
                0x000838b8                __aeabi_dcmpeq
                0x000838cc                __aeabi_dcmplt
                0x000838e0                __aeabi_dcmple
                0x000838f4                __aeabi_dcmpge
                0x00083908                __aeabi_dcmpgt
 .text          0x0008391c       0x50 c:/users/yu zhe/appdata/local/arduino15/packages/arduino/tools/arm-none-eabi-gcc/4.8.3-2014q1/bin/../lib/gcc/arm-none-eabi/4.8.3/armv7-m\libgcc.a(_arm_fixdfsi.o)
                0x0008391c                __aeabi_d2iz
                0x0008391c                __fixdfsi
 .text          0x0008396c      0x21c c:/users/yu zhe/appdata/local/arduino15/packages/arduino/tools/arm-none-eabi-gcc/4.8.3-2014q1/bin/../lib/gcc/arm-none-eabi/4.8.3/armv7-m\libgcc.a(_arm_addsubsf3.o)
                0x0008396c                __aeabi_frsub
                0x00083974                __subsf3
                0x00083974                __aeabi_fsub
                0x00083978                __aeabi_fadd
                0x00083978                __addsf3
                0x00083ad8                __aeabi_ui2f
                0x00083ad8                __floatunsisf
                0x00083ae0                __aeabi_i2f
                0x00083ae0                __floatsisf
                0x00083afc                __aeabi_ul2f
                0x00083afc                __floatundisf
                0x00083b0c                __aeabi_l2f
                0x00083b0c                __floatdisf
 .text          0x00083b88      0x2a0 c:/users/yu zhe/appdata/local/arduino15/packages/arduino/tools/arm-none-eabi-gcc/4.8.3-2014q1/bin/../lib/gcc/arm-none-eabi/4.8.3/armv7-m\libgcc.a(_arm_muldivsf3.o)
                0x00083b88                __mulsf3
                0x00083b88                __aeabi_fmul
                0x00083cf0                __aeabi_fdiv
                0x00083cf0                __divsf3
 .text          0x00083e28       0x4c c:/users/yu zhe/appdata/local/arduino15/packages/arduino/tools/arm-none-eabi-gcc/4.8.3-2014q1/bin/../lib/gcc/arm-none-eabi/4.8.3/armv7-m\libgcc.a(_arm_fixsfsi.o)
                0x00083e28                __aeabi_f2iz
                0x00083e28                __fixsfsi
 .text.__aeabi_atexit
                0x00083e74        0xc c:/users/yu zhe/appdata/local/arduino15/packages/arduino/tools/arm-none-eabi-gcc/4.8.3-2014q1/bin/../lib/gcc/arm-none-eabi/4.8.3/../../../../arm-none-eabi/lib/armv7-m\libg.a(lib_a-aeabi_atexit.o)
                0x00083e74                __aeabi_atexit
 .text.__cxa_atexit
                0x00083e80       0x14 c:/users/yu zhe/appdata/local/arduino15/packages/arduino/tools/arm-none-eabi-gcc/4.8.3-2014q1/bin/../lib/gcc/arm-none-eabi/4.8.3/../../../../arm-none-eabi/lib/armv7-m\libg.a(lib_a-cxa_atexit.o)
                0x00083e80                __cxa_atexit
 .text.__libc_init_array
                0x00083e94       0x50 c:/users/yu zhe/appdata/local/arduino15/packages/arduino/tools/arm-none-eabi-gcc/4.8.3-2014q1/bin/../lib/gcc/arm-none-eabi/4.8.3/../../../../arm-none-eabi/lib/armv7-m\libg.a(lib_a-init.o)
                0x00083e94                __libc_init_array
 .text.iprintf  0x00083ee4       0x28 c:/users/yu zhe/appdata/local/arduino15/packages/arduino/tools/arm-none-eabi-gcc/4.8.3-2014q1/bin/../lib/gcc/arm-none-eabi/4.8.3/../../../../arm-none-eabi/lib/armv7-m\libg.a(lib_a-iprintf.o)
                0x00083ee4                iprintf
 .text.malloc   0x00083f0c       0x10 c:/users/yu zhe/appdata/local/arduino15/packages/arduino/tools/arm-none-eabi-gcc/4.8.3-2014q1/bin/../lib/gcc/arm-none-eabi/4.8.3/../../../../arm-none-eabi/lib/armv7-m\libg.a(lib_a-malloc.o)
                0x00083f0c                malloc
 .text.free     0x00083f1c       0x10 c:/users/yu zhe/appdata/local/arduino15/packages/arduino/tools/arm-none-eabi-gcc/4.8.3-2014q1/bin/../lib/gcc/arm-none-eabi/4.8.3/../../../../arm-none-eabi/lib/armv7-m\libg.a(lib_a-malloc.o)
                0x00083f1c                free
 .text._malloc_r
                0x00083f2c      0x538 c:/users/yu zhe/appdata/local/arduino15/packages/arduino/tools/arm-none-eabi-gcc/4.8.3-2014q1/bin/../lib/gcc/arm-none-eabi/4.8.3/../../../../arm-none-eabi/lib/armv7-m\libg.a(lib_a-mallocr.o)
                0x00083f2c                _malloc_r
 .text          0x00084464       0xec c:/users/yu zhe/appdata/local/arduino15/packages/arduino/tools/arm-none-eabi-gcc/4.8.3-2014q1/bin/../lib/gcc/arm-none-eabi/4.8.3/../../../../arm-none-eabi/lib/armv7-m\libg.a(lib_a-memcpy.o)
                0x00084464                memcpy
 .text.memmove  0x00084550       0xcc c:/users/yu zhe/appdata/local/arduino15/packages/arduino/tools/arm-none-eabi-gcc/4.8.3-2014q1/bin/../lib/gcc/arm-none-eabi/4.8.3/../../../../arm-none-eabi/lib/armv7-m\libg.a(lib_a-memmove.o)
                0x00084550                memmove
 .text.memset   0x0008461c       0x94 c:/users/yu zhe/appdata/local/arduino15/packages/arduino/tools/arm-none-eabi-gcc/4.8.3-2014q1/bin/../lib/gcc/arm-none-eabi/4.8.3/../../../../arm-none-eabi/lib/armv7-m\libg.a(lib_a-memset.o)
                0x0008461c                memset
 .text.__malloc_lock
                0x000846b0        0x4 c:/users/yu zhe/appdata/local/arduino15/packages/arduino/tools/arm-none-eabi-gcc/4.8.3-2014q1/bin/../lib/gcc/arm-none-eabi/4.8.3/../../../../arm-none-eabi/lib/armv7-m\libg.a(lib_a-mlock.o)
                0x000846b0                __malloc_lock
 .text.__malloc_unlock
                0x000846b4        0x4 c:/users/yu zhe/appdata/local/arduino15/packages/arduino/tools/arm-none-eabi-gcc/4.8.3-2014q1/bin/../lib/gcc/arm-none-eabi/4.8.3/../../../../arm-none-eabi/lib/armv7-m\libg.a(lib_a-mlock.o)
                0x000846b4                __malloc_unlock
 .text.realloc  0x000846b8       0x10 c:/users/yu zhe/appdata/local/arduino15/packages/arduino/tools/arm-none-eabi-gcc/4.8.3-2014q1/bin/../lib/gcc/arm-none-eabi/4.8.3/../../../../arm-none-eabi/lib/armv7-m\libg.a(lib_a-realloc.o)
                0x000846b8                realloc
 .text._realloc_r
                0x000846c8      0x3c0 c:/users/yu zhe/appdata/local/arduino15/packages/arduino/tools/arm-none-eabi-gcc/4.8.3-2014q1/bin/../lib/gcc/arm-none-eabi/4.8.3/../../../../arm-none-eabi/lib/armv7-m\libg.a(lib_a-reallocr.o)
                0x000846c8                _realloc_r
 .text._sbrk_r  0x00084a88       0x24 c:/users/yu zhe/appdata/local/arduino15/packages/arduino/tools/arm-none-eabi-gcc/4.8.3-2014q1/bin/../lib/gcc/arm-none-eabi/4.8.3/../../../../arm-none-eabi/lib/armv7-m\libg.a(lib_a-sbrkr.o)
                0x00084a88                _sbrk_r
 .text.strcpy   0x00084aac       0xbc c:/users/yu zhe/appdata/local/arduino15/packages/arduino/tools/arm-none-eabi-gcc/4.8.3-2014q1/bin/../lib/gcc/arm-none-eabi/4.8.3/../../../../arm-none-eabi/lib/armv7-m\libg.a(lib_a-strcpy.o)
                0x00084aac                strcpy
 .text.strlen   0x00084b68       0x60 c:/users/yu zhe/appdata/local/arduino15/packages/arduino/tools/arm-none-eabi-gcc/4.8.3-2014q1/bin/../lib/gcc/arm-none-eabi/4.8.3/../../../../arm-none-eabi/lib/armv7-m\libg.a(lib_a-strlen.o)
                0x00084b68                strlen
 .text.kill     0x00084bc8       0x10 c:/users/yu zhe/appdata/local/arduino15/packages/arduino/tools/arm-none-eabi-gcc/4.8.3-2014q1/bin/../lib/gcc/arm-none-eabi/4.8.3/../../../../arm-none-eabi/lib/armv7-m\libg.a(lib_a-syskill.o)
                0x00084bc8                kill
 .text.__sprint_r.part.0
                0x00084bd8       0x78 c:/users/yu zhe/appdata/local/arduino15/packages/arduino/tools/arm-none-eabi-gcc/4.8.3-2014q1/bin/../lib/gcc/arm-none-eabi/4.8.3/../../../../arm-none-eabi/lib/armv7-m\libg.a(lib_a-vfiprintf.o)
 .text._vfiprintf_r
                0x00084c50      0xc54 c:/users/yu zhe/appdata/local/arduino15/packages/arduino/tools/arm-none-eabi-gcc/4.8.3-2014q1/bin/../lib/gcc/arm-none-eabi/4.8.3/../../../../arm-none-eabi/lib/armv7-m\libg.a(lib_a-vfiprintf.o)
                0x00084c50                _vfiprintf_r
 .text.__sbprintf
                0x000858a4       0x7c c:/users/yu zhe/appdata/local/arduino15/packages/arduino/tools/arm-none-eabi-gcc/4.8.3-2014q1/bin/../lib/gcc/arm-none-eabi/4.8.3/../../../../arm-none-eabi/lib/armv7-m\libg.a(lib_a-vfiprintf.o)
 .text.__swsetup_r
                0x00085920       0xc4 c:/users/yu zhe/appdata/local/arduino15/packages/arduino/tools/arm-none-eabi-gcc/4.8.3-2014q1/bin/../lib/gcc/arm-none-eabi/4.8.3/../../../../arm-none-eabi/lib/armv7-m\libg.a(lib_a-wsetup.o)
                0x00085920                __swsetup_r
 .text.__register_exitproc
                0x000859e4       0xa8 c:/users/yu zhe/appdata/local/arduino15/packages/arduino/tools/arm-none-eabi-gcc/4.8.3-2014q1/bin/../lib/gcc/arm-none-eabi/4.8.3/../../../../arm-none-eabi/lib/armv7-m\libg.a(lib_a-__atexit.o)
                0x000859e4                __register_exitproc
 .text.startup.register_fini
                0x00085a8c       0x14 c:/users/yu zhe/appdata/local/arduino15/packages/arduino/tools/arm-none-eabi-gcc/4.8.3-2014q1/bin/../lib/gcc/arm-none-eabi/4.8.3/../../../../arm-none-eabi/lib/armv7-m\libg.a(lib_a-__call_atexit.o)
 .text.atexit   0x00085aa0        0xc c:/users/yu zhe/appdata/local/arduino15/packages/arduino/tools/arm-none-eabi-gcc/4.8.3-2014q1/bin/../lib/gcc/arm-none-eabi/4.8.3/../../../../arm-none-eabi/lib/armv7-m\libg.a(lib_a-atexit.o)
                0x00085aa0                atexit
 .text.__sflush_r
                0x00085aac      0x148 c:/users/yu zhe/appdata/local/arduino15/packages/arduino/tools/arm-none-eabi-gcc/4.8.3-2014q1/bin/../lib/gcc/arm-none-eabi/4.8.3/../../../../arm-none-eabi/lib/armv7-m\libg.a(lib_a-fflush.o)
                0x00085aac                __sflush_r
 .text._fflush_r
                0x00085bf4       0x2c c:/users/yu zhe/appdata/local/arduino15/packages/arduino/tools/arm-none-eabi-gcc/4.8.3-2014q1/bin/../lib/gcc/arm-none-eabi/4.8.3/../../../../arm-none-eabi/lib/armv7-m\libg.a(lib_a-fflush.o)
                0x00085bf4                _fflush_r
 .text._cleanup_r
                0x00085c20        0xc c:/users/yu zhe/appdata/local/arduino15/packages/arduino/tools/arm-none-eabi-gcc/4.8.3-2014q1/bin/../lib/gcc/arm-none-eabi/4.8.3/../../../../arm-none-eabi/lib/armv7-m\libg.a(lib_a-findfp.o)
                0x00085c20                _cleanup_r
 .text.__sinit  0x00085c2c       0xf4 c:/users/yu zhe/appdata/local/arduino15/packages/arduino/tools/arm-none-eabi-gcc/4.8.3-2014q1/bin/../lib/gcc/arm-none-eabi/4.8.3/../../../../arm-none-eabi/lib/armv7-m\libg.a(lib_a-findfp.o)
                0x00085c2c                __sinit
 .text.__sfp_lock_acquire
                0x00085d20        0x4 c:/users/yu zhe/appdata/local/arduino15/packages/arduino/tools/arm-none-eabi-gcc/4.8.3-2014q1/bin/../lib/gcc/arm-none-eabi/4.8.3/../../../../arm-none-eabi/lib/armv7-m\libg.a(lib_a-findfp.o)
                0x00085d20                __sfp_lock_acquire
 .text.__sfp_lock_release
                0x00085d24        0x4 c:/users/yu zhe/appdata/local/arduino15/packages/arduino/tools/arm-none-eabi-gcc/4.8.3-2014q1/bin/../lib/gcc/arm-none-eabi/4.8.3/../../../../arm-none-eabi/lib/armv7-m\libg.a(lib_a-findfp.o)
                0x00085d24                __sfp_lock_release
 .text.__libc_fini_array
                0x00085d28       0x30 c:/users/yu zhe/appdata/local/arduino15/packages/arduino/tools/arm-none-eabi-gcc/4.8.3-2014q1/bin/../lib/gcc/arm-none-eabi/4.8.3/../../../../arm-none-eabi/lib/armv7-m\libg.a(lib_a-fini.o)
                0x00085d28                __libc_fini_array
 .text._fputwc_r
                0x00085d58       0xc0 c:/users/yu zhe/appdata/local/arduino15/packages/arduino/tools/arm-none-eabi-gcc/4.8.3-2014q1/bin/../lib/gcc/arm-none-eabi/4.8.3/../../../../arm-none-eabi/lib/armv7-m\libg.a(lib_a-fputwc.o)
                0x00085d58                _fputwc_r
 .text._malloc_trim_r
                0x00085e18       0x9c c:/users/yu zhe/appdata/local/arduino15/packages/arduino/tools/arm-none-eabi-gcc/4.8.3-2014q1/bin/../lib/gcc/arm-none-eabi/4.8.3/../../../../arm-none-eabi/lib/armv7-m\libg.a(lib_a-freer.o)
                0x00085e18                _malloc_trim_r
 .text._free_r  0x00085eb4      0x198 c:/users/yu zhe/appdata/local/arduino15/packages/arduino/tools/arm-none-eabi-gcc/4.8.3-2014q1/bin/../lib/gcc/arm-none-eabi/4.8.3/../../../../arm-none-eabi/lib/armv7-m\libg.a(lib_a-freer.o)
                0x00085eb4                _free_r
 .text.__sfvwrite_r
                0x0008604c      0x314 c:/users/yu zhe/appdata/local/arduino15/packages/arduino/tools/arm-none-eabi-gcc/4.8.3-2014q1/bin/../lib/gcc/arm-none-eabi/4.8.3/../../../../arm-none-eabi/lib/armv7-m\libg.a(lib_a-fvwrite.o)
                0x0008604c                __sfvwrite_r
 .text._fwalk   0x00086360       0x48 c:/users/yu zhe/appdata/local/arduino15/packages/arduino/tools/arm-none-eabi-gcc/4.8.3-2014q1/bin/../lib/gcc/arm-none-eabi/4.8.3/../../../../arm-none-eabi/lib/armv7-m\libg.a(lib_a-fwalk.o)
                0x00086360                _fwalk
 .text.__locale_charset
                0x000863a8        0x8 c:/users/yu zhe/appdata/local/arduino15/packages/arduino/tools/arm-none-eabi-gcc/4.8.3-2014q1/bin/../lib/gcc/arm-none-eabi/4.8.3/../../../../arm-none-eabi/lib/armv7-m\libg.a(lib_a-locale.o)
                0x000863a8                __locale_charset
 .text.__locale_mb_cur_max
                0x000863b0        0xc c:/users/yu zhe/appdata/local/arduino15/packages/arduino/tools/arm-none-eabi-gcc/4.8.3-2014q1/bin/../lib/gcc/arm-none-eabi/4.8.3/../../../../arm-none-eabi/lib/armv7-m\libg.a(lib_a-locale.o)
                0x000863b0                __locale_mb_cur_max
 .text.__smakebuf_r
                0x000863bc       0xe0 c:/users/yu zhe/appdata/local/arduino15/packages/arduino/tools/arm-none-eabi-gcc/4.8.3-2014q1/bin/../lib/gcc/arm-none-eabi/4.8.3/../../../../arm-none-eabi/lib/armv7-m\libg.a(lib_a-makebuf.o)
                0x000863bc                __smakebuf_r
 .text.memchr   0x0008649c       0x94 c:/users/yu zhe/appdata/local/arduino15/packages/arduino/tools/arm-none-eabi-gcc/4.8.3-2014q1/bin/../lib/gcc/arm-none-eabi/4.8.3/../../../../arm-none-eabi/lib/armv7-m\libg.a(lib_a-memchr-stub.o)
                0x0008649c                memchr
 .text._kill_r  0x00086530       0x28 c:/users/yu zhe/appdata/local/arduino15/packages/arduino/tools/arm-none-eabi-gcc/4.8.3-2014q1/bin/../lib/gcc/arm-none-eabi/4.8.3/../../../../arm-none-eabi/lib/armv7-m\libg.a(lib_a-signalr.o)
                0x00086530                _kill_r
 .text.__sread  0x00086558       0x24 c:/users/yu zhe/appdata/local/arduino15/packages/arduino/tools/arm-none-eabi-gcc/4.8.3-2014q1/bin/../lib/gcc/arm-none-eabi/4.8.3/../../../../arm-none-eabi/lib/armv7-m\libg.a(lib_a-stdio.o)
                0x00086558                __sread
 .text.__swrite
                0x0008657c       0x38 c:/users/yu zhe/appdata/local/arduino15/packages/arduino/tools/arm-none-eabi-gcc/4.8.3-2014q1/bin/../lib/gcc/arm-none-eabi/4.8.3/../../../../arm-none-eabi/lib/armv7-m\libg.a(lib_a-stdio.o)
                0x0008657c                __swrite
 .text.__sseek  0x000865b4       0x20 c:/users/yu zhe/appdata/local/arduino15/packages/arduino/tools/arm-none-eabi-gcc/4.8.3-2014q1/bin/../lib/gcc/arm-none-eabi/4.8.3/../../../../arm-none-eabi/lib/armv7-m\libg.a(lib_a-stdio.o)
                0x000865b4                __sseek
 .text.__sclose
                0x000865d4        0x8 c:/users/yu zhe/appdata/local/arduino15/packages/arduino/tools/arm-none-eabi-gcc/4.8.3-2014q1/bin/../lib/gcc/arm-none-eabi/4.8.3/../../../../arm-none-eabi/lib/armv7-m\libg.a(lib_a-stdio.o)
                0x000865d4                __sclose
 .text.__swbuf_r
                0x000865dc       0xa8 c:/users/yu zhe/appdata/local/arduino15/packages/arduino/tools/arm-none-eabi-gcc/4.8.3-2014q1/bin/../lib/gcc/arm-none-eabi/4.8.3/../../../../arm-none-eabi/lib/armv7-m\libg.a(lib_a-wbuf.o)
                0x000865dc                __swbuf_r
 .text._wcrtomb_r
                0x00086684       0x50 c:/users/yu zhe/appdata/local/arduino15/packages/arduino/tools/arm-none-eabi-gcc/4.8.3-2014q1/bin/../lib/gcc/arm-none-eabi/4.8.3/../../../../arm-none-eabi/lib/armv7-m\libg.a(lib_a-wcrtomb.o)
                0x00086684                _wcrtomb_r
 .text.__ascii_wctomb
                0x000866d4       0x1c c:/users/yu zhe/appdata/local/arduino15/packages/arduino/tools/arm-none-eabi-gcc/4.8.3-2014q1/bin/../lib/gcc/arm-none-eabi/4.8.3/../../../../arm-none-eabi/lib/armv7-m\libg.a(lib_a-wctomb_r.o)
                0x000866d4                __ascii_wctomb
 .text._write_r
                0x000866f0       0x28 c:/users/yu zhe/appdata/local/arduino15/packages/arduino/tools/arm-none-eabi-gcc/4.8.3-2014q1/bin/../lib/gcc/arm-none-eabi/4.8.3/../../../../arm-none-eabi/lib/armv7-m\libg.a(lib_a-writer.o)
                0x000866f0                _write_r
 .text._close_r
                0x00086718       0x24 c:/users/yu zhe/appdata/local/arduino15/packages/arduino/tools/arm-none-eabi-gcc/4.8.3-2014q1/bin/../lib/gcc/arm-none-eabi/4.8.3/../../../../arm-none-eabi/lib/armv7-m\libg.a(lib_a-closer.o)
                0x00086718                _close_r
 .text._fclose_r
                0x0008673c       0x80 c:/users/yu zhe/appdata/local/arduino15/packages/arduino/tools/arm-none-eabi-gcc/4.8.3-2014q1/bin/../lib/gcc/arm-none-eabi/4.8.3/../../../../arm-none-eabi/lib/armv7-m\libg.a(lib_a-fclose.o)
                0x0008673c                _fclose_r
 .text.fclose   0x000867bc       0x10 c:/users/yu zhe/appdata/local/arduino15/packages/arduino/tools/arm-none-eabi-gcc/4.8.3-2014q1/bin/../lib/gcc/arm-none-eabi/4.8.3/../../../../arm-none-eabi/lib/armv7-m\libg.a(lib_a-fclose.o)
                0x000867bc                fclose
 .text._fstat_r
                0x000867cc       0x28 c:/users/yu zhe/appdata/local/arduino15/packages/arduino/tools/arm-none-eabi-gcc/4.8.3-2014q1/bin/../lib/gcc/arm-none-eabi/4.8.3/../../../../arm-none-eabi/lib/armv7-m\libg.a(lib_a-fstatr.o)
                0x000867cc                _fstat_r
 .text._isatty_r
                0x000867f4       0x24 c:/users/yu zhe/appdata/local/arduino15/packages/arduino/tools/arm-none-eabi-gcc/4.8.3-2014q1/bin/../lib/gcc/arm-none-eabi/4.8.3/../../../../arm-none-eabi/lib/armv7-m\libg.a(lib_a-isattyr.o)
                0x000867f4                _isatty_r
 .text._lseek_r
                0x00086818       0x28 c:/users/yu zhe/appdata/local/arduino15/packages/arduino/tools/arm-none-eabi-gcc/4.8.3-2014q1/bin/../lib/gcc/arm-none-eabi/4.8.3/../../../../arm-none-eabi/lib/armv7-m\libg.a(lib_a-lseekr.o)
                0x00086818                _lseek_r
 .text._read_r  0x00086840       0x28 c:/users/yu zhe/appdata/local/arduino15/packages/arduino/tools/arm-none-eabi-gcc/4.8.3-2014q1/bin/../lib/gcc/arm-none-eabi/4.8.3/../../../../arm-none-eabi/lib/armv7-m\libg.a(lib_a-readr.o)
                0x00086840                _read_r
 .text          0x00086868       0x2c c:/users/yu zhe/appdata/local/arduino15/packages/arduino/tools/arm-none-eabi-gcc/4.8.3-2014q1/bin/../lib/gcc/arm-none-eabi/4.8.3/armv7-m\libgcc.a(_aeabi_uldivmod.o)
                0x00086868                __aeabi_uldivmod
 .text          0x00086894       0x60 c:/users/yu zhe/appdata/local/arduino15/packages/arduino/tools/arm-none-eabi-gcc/4.8.3-2014q1/bin/../lib/gcc/arm-none-eabi/4.8.3/armv7-m\libgcc.a(bpabi.o)
                0x00086894                __gnu_ldivmod_helper
                0x000868c4                __gnu_uldivmod_helper
 .text          0x000868f4        0x4 c:/users/yu zhe/appdata/local/arduino15/packages/arduino/tools/arm-none-eabi-gcc/4.8.3-2014q1/bin/../lib/gcc/arm-none-eabi/4.8.3/armv7-m\libgcc.a(_dvmd_tls.o)
                0x000868f4                __aeabi_idiv0
                0x000868f4                __aeabi_ldiv0
 .text          0x000868f8      0x2a0 c:/users/yu zhe/appdata/local/arduino15/packages/arduino/tools/arm-none-eabi-gcc/4.8.3-2014q1/bin/../lib/gcc/arm-none-eabi/4.8.3/armv7-m\libgcc.a(_divdi3.o)
                0x000868f8                __divdi3
 .text          0x00086b98      0x290 c:/users/yu zhe/appdata/local/arduino15/packages/arduino/tools/arm-none-eabi-gcc/4.8.3-2014q1/bin/../lib/gcc/arm-none-eabi/4.8.3/armv7-m\libgcc.a(_udivdi3.o)
                0x00086b98                __udivdi3
 *(.glue_7t)
 .glue_7t       0x00000000        0x0 linker stubs
 *(.glue_7)
 .glue_7        0x00000000        0x0 linker stubs
 *(.rodata .rodata* .gnu.linkonce.r.*)
 .rodata.str1.1
                0x00086e28       0x12 C:\Users\Yu Zhe\AppData\Local\Temp\VMBuilds\rmc_motors\arduino_due_x_dbg\Debug\rmc_motors.cpp.o
 .rodata.str1.1
                0x00086e3a       0x6d C:\Users\Yu Zhe\AppData\Local\Temp\VMBuilds\rmc_motors\arduino_due_x_dbg\Debug\RMCKangaroo.cpp.o
                                 0x70 (size before relaxing)
 .rodata.str1.1
                0x00086ea7       0x6a C:\Users\Yu Zhe\AppData\Local\Temp\VMBuilds\rmc_motors\arduino_due_x_dbg\Debug\VM_DBG\VM_DBG.cpp.o
                                 0x6c (size before relaxing)
 *fill*         0x00086f11        0x3 
 .rodata.g_APinDescription
                0x00086f14      0xa2c C:\Users\Yu Zhe\AppData\Local\Temp\VMBuilds\rmc_motors\arduino_due_x_dbg\Debug\variant\variant.cpp.o
                0x00086f14                g_APinDescription
 .rodata        0x00087940       0x40 C:\Users\Yu Zhe\AppData\Local\arduino15\packages\arduino\hardware\sam\1.6.11\variants\arduino_due_x/libsam_sam3x8e_gcc_rel.a(adc.o)
 .rodata.str1.1
                0x00087980       0x19 C:\Users\Yu Zhe\AppData\Local\Temp\VMBuilds\rmc_motors\arduino_due_x_dbg\Debug/core.a(syscalls_sam3.c.o)
 *fill*         0x00087999        0x7 
 .rodata._ZTV9UARTClass
                0x000879a0       0x30 C:\Users\Yu Zhe\AppData\Local\Temp\VMBuilds\rmc_motors\arduino_due_x_dbg\Debug/core.a(UARTClass.cpp.o)
                0x000879a0                vtable for UARTClass
 .rodata._ZTV10USARTClass
                0x000879d0       0x30 C:\Users\Yu Zhe\AppData\Local\Temp\VMBuilds\rmc_motors\arduino_due_x_dbg\Debug/core.a(USARTClass.cpp.o)
                0x000879d0                vtable for USARTClass
 .rodata.STRING_PRODUCT
                0x00087a00        0xc C:\Users\Yu Zhe\AppData\Local\Temp\VMBuilds\rmc_motors\arduino_due_x_dbg\Debug/core.a(USBCore.cpp.o)
                0x00087a00                STRING_PRODUCT
 .rodata.USB_DeviceDescriptor
                0x00087a0c       0x12 C:\Users\Yu Zhe\AppData\Local\Temp\VMBuilds\rmc_motors\arduino_due_x_dbg\Debug/core.a(USBCore.cpp.o)
                0x00087a0c                USB_DeviceDescriptor
 .rodata.STRING_LANGUAGE
                0x00087a1e        0x4 C:\Users\Yu Zhe\AppData\Local\Temp\VMBuilds\rmc_motors\arduino_due_x_dbg\Debug/core.a(USBCore.cpp.o)
                0x00087a1e                STRING_LANGUAGE
 .rodata._ZL18test_packet_buffer
                0x00087a22       0x35 C:\Users\Yu Zhe\AppData\Local\Temp\VMBuilds\rmc_motors\arduino_due_x_dbg\Debug/core.a(USBCore.cpp.o)
 .rodata.STRING_MANUFACTURER
                0x00087a57        0xc C:\Users\Yu Zhe\AppData\Local\Temp\VMBuilds\rmc_motors\arduino_due_x_dbg\Debug/core.a(USBCore.cpp.o)
                0x00087a57                STRING_MANUFACTURER
 .rodata.USB_DeviceDescriptorA
                0x00087a63       0x12 C:\Users\Yu Zhe\AppData\Local\Temp\VMBuilds\rmc_motors\arduino_due_x_dbg\Debug/core.a(USBCore.cpp.o)
                0x00087a63                USB_DeviceDescriptorA
 .rodata._ZL19USB_DeviceQualifier
                0x00087a75        0x9 C:\Users\Yu Zhe\AppData\Local\Temp\VMBuilds\rmc_motors\arduino_due_x_dbg\Debug/core.a(USBCore.cpp.o)
 *fill*         0x00087a7e        0x2 
 .rodata._ZTV7Serial_
                0x00087a80       0x28 C:\Users\Yu Zhe\AppData\Local\Temp\VMBuilds\rmc_motors\arduino_due_x_dbg\Debug/core.a(CDC.cpp.o)
                0x00087a80                vtable for Serial_
 .rodata._ZL18_cdcOtherInterface
                0x00087aa8       0x42 C:\Users\Yu Zhe\AppData\Local\Temp\VMBuilds\rmc_motors\arduino_due_x_dbg\Debug/core.a(CDC.cpp.o)
 .rodata._ZL13_cdcInterface
                0x00087aea       0x42 C:\Users\Yu Zhe\AppData\Local\Temp\VMBuilds\rmc_motors\arduino_due_x_dbg\Debug/core.a(CDC.cpp.o)
 .rodata.str1.4
                0x00087b2c        0x2 c:/users/yu zhe/appdata/local/arduino15/packages/arduino/tools/arm-none-eabi-gcc/4.8.3-2014q1/bin/../lib/gcc/arm-none-eabi/4.8.3/../../../../arm-none-eabi/lib/armv7-m\libg.a(lib_a-impure.o)
                                  0x4 (size before relaxing)
 *fill*         0x00087b2e        0x2 